Archive member included to satisfy reference by file (symbol)

C:/ST/STM32CubeIDE_1.12.1/STM32CubeIDE/plugins/com.st.stm32cube.ide.mcu.externaltools.gnu-tools-for-stm32.11.3.rel1.win32_1.1.100.202309141235/tools/bin/../lib/gcc/arm-none-eabi/11.3.1/../../../../arm-none-eabi/lib/thumb/v7e-m+fp/hard\libc_nano.a(libc_a-exit.o)
                              C:/ST/STM32CubeIDE_1.12.1/STM32CubeIDE/plugins/com.st.stm32cube.ide.mcu.externaltools.gnu-tools-for-stm32.11.3.rel1.win32_1.1.100.202309141235/tools/bin/../lib/gcc/arm-none-eabi/11.3.1/../../../../arm-none-eabi/lib/thumb/v7e-m+fp/hard/crt0.o (exit)
C:/ST/STM32CubeIDE_1.12.1/STM32CubeIDE/plugins/com.st.stm32cube.ide.mcu.externaltools.gnu-tools-for-stm32.11.3.rel1.win32_1.1.100.202309141235/tools/bin/../lib/gcc/arm-none-eabi/11.3.1/../../../../arm-none-eabi/lib/thumb/v7e-m+fp/hard\libc_nano.a(libc_a-malloc.o)
                              ./Middlewares/ST/STM32_USB_Device_Library/Class/CDC/Src/usbd_cdc.o (malloc)
C:/ST/STM32CubeIDE_1.12.1/STM32CubeIDE/plugins/com.st.stm32cube.ide.mcu.externaltools.gnu-tools-for-stm32.11.3.rel1.win32_1.1.100.202309141235/tools/bin/../lib/gcc/arm-none-eabi/11.3.1/../../../../arm-none-eabi/lib/thumb/v7e-m+fp/hard\libc_nano.a(libc_a-mallocr.o)
                              C:/ST/STM32CubeIDE_1.12.1/STM32CubeIDE/plugins/com.st.stm32cube.ide.mcu.externaltools.gnu-tools-for-stm32.11.3.rel1.win32_1.1.100.202309141235/tools/bin/../lib/gcc/arm-none-eabi/11.3.1/../../../../arm-none-eabi/lib/thumb/v7e-m+fp/hard\libc_nano.a(libc_a-malloc.o) (_malloc_r)
C:/ST/STM32CubeIDE_1.12.1/STM32CubeIDE/plugins/com.st.stm32cube.ide.mcu.externaltools.gnu-tools-for-stm32.11.3.rel1.win32_1.1.100.202309141235/tools/bin/../lib/gcc/arm-none-eabi/11.3.1/../../../../arm-none-eabi/lib/thumb/v7e-m+fp/hard\libc_nano.a(libc_a-mlock.o)
                              C:/ST/STM32CubeIDE_1.12.1/STM32CubeIDE/plugins/com.st.stm32cube.ide.mcu.externaltools.gnu-tools-for-stm32.11.3.rel1.win32_1.1.100.202309141235/tools/bin/../lib/gcc/arm-none-eabi/11.3.1/../../../../arm-none-eabi/lib/thumb/v7e-m+fp/hard\libc_nano.a(libc_a-mallocr.o) (__malloc_lock)
C:/ST/STM32CubeIDE_1.12.1/STM32CubeIDE/plugins/com.st.stm32cube.ide.mcu.externaltools.gnu-tools-for-stm32.11.3.rel1.win32_1.1.100.202309141235/tools/bin/../lib/gcc/arm-none-eabi/11.3.1/../../../../arm-none-eabi/lib/thumb/v7e-m+fp/hard\libc_nano.a(libc_a-findfp.o)
                              C:/ST/STM32CubeIDE_1.12.1/STM32CubeIDE/plugins/com.st.stm32cube.ide.mcu.externaltools.gnu-tools-for-stm32.11.3.rel1.win32_1.1.100.202309141235/tools/bin/../lib/gcc/arm-none-eabi/11.3.1/../../../../arm-none-eabi/lib/thumb/v7e-m+fp/hard\libc_nano.a(libc_a-exit.o) (__stdio_exit_handler)
C:/ST/STM32CubeIDE_1.12.1/STM32CubeIDE/plugins/com.st.stm32cube.ide.mcu.externaltools.gnu-tools-for-stm32.11.3.rel1.win32_1.1.100.202309141235/tools/bin/../lib/gcc/arm-none-eabi/11.3.1/../../../../arm-none-eabi/lib/thumb/v7e-m+fp/hard\libc_nano.a(libc_a-fwalk.o)
                              C:/ST/STM32CubeIDE_1.12.1/STM32CubeIDE/plugins/com.st.stm32cube.ide.mcu.externaltools.gnu-tools-for-stm32.11.3.rel1.win32_1.1.100.202309141235/tools/bin/../lib/gcc/arm-none-eabi/11.3.1/../../../../arm-none-eabi/lib/thumb/v7e-m+fp/hard\libc_nano.a(libc_a-findfp.o) (_fwalk_sglue)
C:/ST/STM32CubeIDE_1.12.1/STM32CubeIDE/plugins/com.st.stm32cube.ide.mcu.externaltools.gnu-tools-for-stm32.11.3.rel1.win32_1.1.100.202309141235/tools/bin/../lib/gcc/arm-none-eabi/11.3.1/../../../../arm-none-eabi/lib/thumb/v7e-m+fp/hard\libc_nano.a(libc_a-stdio.o)
                              C:/ST/STM32CubeIDE_1.12.1/STM32CubeIDE/plugins/com.st.stm32cube.ide.mcu.externaltools.gnu-tools-for-stm32.11.3.rel1.win32_1.1.100.202309141235/tools/bin/../lib/gcc/arm-none-eabi/11.3.1/../../../../arm-none-eabi/lib/thumb/v7e-m+fp/hard\libc_nano.a(libc_a-findfp.o) (__sread)
C:/ST/STM32CubeIDE_1.12.1/STM32CubeIDE/plugins/com.st.stm32cube.ide.mcu.externaltools.gnu-tools-for-stm32.11.3.rel1.win32_1.1.100.202309141235/tools/bin/../lib/gcc/arm-none-eabi/11.3.1/../../../../arm-none-eabi/lib/thumb/v7e-m+fp/hard\libc_nano.a(libc_a-memset.o)
                              C:/ST/STM32CubeIDE_1.12.1/STM32CubeIDE/plugins/com.st.stm32cube.ide.mcu.externaltools.gnu-tools-for-stm32.11.3.rel1.win32_1.1.100.202309141235/tools/bin/../lib/gcc/arm-none-eabi/11.3.1/../../../../arm-none-eabi/lib/thumb/v7e-m+fp/hard/crt0.o (memset)
C:/ST/STM32CubeIDE_1.12.1/STM32CubeIDE/plugins/com.st.stm32cube.ide.mcu.externaltools.gnu-tools-for-stm32.11.3.rel1.win32_1.1.100.202309141235/tools/bin/../lib/gcc/arm-none-eabi/11.3.1/../../../../arm-none-eabi/lib/thumb/v7e-m+fp/hard\libc_nano.a(libc_a-closer.o)
                              C:/ST/STM32CubeIDE_1.12.1/STM32CubeIDE/plugins/com.st.stm32cube.ide.mcu.externaltools.gnu-tools-for-stm32.11.3.rel1.win32_1.1.100.202309141235/tools/bin/../lib/gcc/arm-none-eabi/11.3.1/../../../../arm-none-eabi/lib/thumb/v7e-m+fp/hard\libc_nano.a(libc_a-stdio.o) (_close_r)
[...]
Memory Configuration

Name             Origin             Length             Attributes
RAM              0x0000000020000000 0x0000000000050000 xrw
FLASH            0x0000000008000000 0x0000000000100000 xr
*default*        0x0000000000000000 0xffffffffffffffff

Linker script and memory map

LOAD C:/ST/STM32CubeIDE_1.12.1/STM32CubeIDE/plugins/com.st.stm32cube.ide.mcu.externaltools.gnu-tools-for-stm32.11.3.rel1.win32_1.1.100.202309141235/tools/bin/../lib/gcc/arm-none-eabi/11.3.1/thumb/v7e-m+fp/hard/crti.o
LOAD C:/ST/STM32CubeIDE_1.12.1/STM32CubeIDE/plugins/com.st.stm32cube.ide.mcu.externaltools.gnu-tools-for-stm32.11.3.rel1.win32_1.1.100.202309141235/tools/bin/../lib/gcc/arm-none-eabi/11.3.1/thumb/v7e-m+fp/hard/crtbegin.o
LOAD C:/ST/STM32CubeIDE_1.12.1/STM32CubeIDE/plugins/com.st.stm32cube.ide.mcu.externaltools.gnu-tools-for-stm32.11.3.rel1.win32_1.1.100.202309141235/tools/bin/../lib/gcc/arm-none-eabi/11.3.1/../../../../arm-none-eabi/lib/thumb/v7e-m+fp/hard/crt0.o
LOAD ./Core/Src/main.o
LOAD ./Core/Src/stm32f7xx_hal_msp.o
LOAD ./Core/Src/stm32f7xx_it.o
LOAD ./Core/Src/syscalls.o
LOAD ./Core/Src/sysmem.o
LOAD ./Core/Src/system_stm32f7xx.o
LOAD ./Core/Startup/startup_stm32f746zgtx.o
LOAD ./Drivers/STM32F7xx_HAL_Driver/Src/stm32f7xx_hal.o
LOAD ./Drivers/STM32F7xx_HAL_Driver/Src/stm32f7xx_hal_adc.o
LOAD ./Drivers/STM32F7xx_HAL_Driver/Src/stm32f7xx_hal_adc_ex.o
LOAD ./Drivers/STM32F7xx_HAL_Driver/Src/stm32f7xx_hal_cortex.o
LOAD ./Drivers/STM32F7xx_HAL_Driver/Src/stm32f7xx_hal_dac.o
LOAD ./Drivers/STM32F7xx_HAL_Driver/Src/stm32f7xx_hal_dac_ex.o
LOAD ./Drivers/STM32F7xx_HAL_Driver/Src/stm32f7xx_hal_dma.o
LOAD ./Drivers/STM32F7xx_HAL_Driver/Src/stm32f7xx_hal_dma_ex.o
LOAD ./Drivers/STM32F7xx_HAL_Driver/Src/stm32f7xx_hal_exti.o
LOAD ./Drivers/STM32F7xx_HAL_Driver/Src/stm32f7xx_hal_flash.o
LOAD ./Drivers/STM32F7xx_HAL_Driver/Src/stm32f7xx_hal_flash_ex.o
LOAD ./Drivers/STM32F7xx_HAL_Driver/Src/stm32f7xx_hal_gpio.o
LOAD ./Drivers/STM32F7xx_HAL_Driver/Src/stm32f7xx_hal_i2c.o
LOAD ./Drivers/STM32F7xx_HAL_Driver/Src/stm32f7xx_hal_i2c_ex.o
LOAD ./Drivers/STM32F7xx_HAL_Driver/Src/stm32f7xx_hal_pcd.o
LOAD ./Drivers/STM32F7xx_HAL_Driver/Src/stm32f7xx_hal_pcd_ex.o
LOAD ./Drivers/STM32F7xx_HAL_Driver/Src/stm32f7xx_hal_pwr.o
LOAD ./Drivers/STM32F7xx_HAL_Driver/Src/stm32f7xx_hal_pwr_ex.o
LOAD ./Drivers/STM32F7xx_HAL_Driver/Src/stm32f7xx_hal_rcc.o
LOAD ./Drivers/STM32F7xx_HAL_Driver/Src/stm32f7xx_hal_rcc_ex.o
LOAD ./Drivers/STM32F7xx_HAL_Driver/Src/stm32f7xx_hal_spi.o
LOAD ./Drivers/STM32F7xx_HAL_Driver/Src/stm32f7xx_hal_spi_ex.o
LOAD ./Drivers/STM32F7xx_HAL_Driver/Src/stm32f7xx_hal_tim.o
LOAD ./Drivers/STM32F7xx_HAL_Driver/Src/stm32f7xx_hal_tim_ex.o
LOAD ./Drivers/STM32F7xx_HAL_Driver/Src/stm32f7xx_ll_usb.o
LOAD ./Middlewares/ST/STM32_USB_Device_Library/Class/CDC/Src/usbd_cdc.o
LOAD ./Middlewares/ST/STM32_USB_Device_Library/Core/Src/usbd_core.o
LOAD ./Middlewares/ST/STM32_USB_Device_Library/Core/Src/usbd_ctlreq.o
LOAD ./Middlewares/ST/STM32_USB_Device_Library/Core/Src/usbd_ioreq.o
LOAD ./USB_DEVICE/App/usb_device.o
LOAD ./USB_DEVICE/App/usbd_cdc_if.o
LOAD ./USB_DEVICE/App/usbd_desc.o
LOAD ./USB_DEVICE/Target/usbd_conf.o
START GROUP
LOAD C:/ST/STM32CubeIDE_1.12.1/STM32CubeIDE/plugins/com.st.stm32cube.ide.mcu.externaltools.gnu-tools-for-stm32.11.3.rel1.win32_1.1.100.202309141235/tools/bin/../lib/gcc/arm-none-eabi/11.3.1/../../../../arm-none-eabi/lib/thumb/v7e-m+fp/hard\libc_nano.a
LOAD C:/ST/STM32CubeIDE_1.12.1/STM32CubeIDE/plugins/com.st.stm32cube.ide.mcu.externaltools.gnu-tools-for-stm32.11.3.rel1.win32_1.1.100.202309141235/tools/bin/../lib/gcc/arm-none-eabi/11.3.1/../../../../arm-none-eabi/lib/thumb/v7e-m+fp/hard\libm.a
END GROUP
START GROUP
LOAD C:/ST/STM32CubeIDE_1.12.1/STM32CubeIDE/plugins/com.st.stm32cube.ide.mcu.externaltools.gnu-tools-for-stm32.11.3.rel1.win32_1.1.100.202309141235/tools/bin/../lib/gcc/arm-none-eabi/11.3.1/thumb/v7e-m+fp/hard\libgcc.a
LOAD C:/ST/STM32CubeIDE_1.12.1/STM32CubeIDE/plugins/com.st.stm32cube.ide.mcu.externaltools.gnu-tools-for-stm32.11.3.rel1.win32_1.1.100.202309141235/tools/bin/../lib/gcc/arm-none-eabi/11.3.1/../../../../arm-none-eabi/lib/thumb/v7e-m+fp/hard\libc_nano.a
END GROUP
START GROUP
LOAD C:/ST/STM32CubeIDE_1.12.1/STM32CubeIDE/plugins/com.st.stm32cube.ide.mcu.externaltools.gnu-tools-for-stm32.11.3.rel1.win32_1.1.100.202309141235/tools/bin/../lib/gcc/arm-none-eabi/11.3.1/thumb/v7e-m+fp/hard\libgcc.a
LOAD C:/ST/STM32CubeIDE_1.12.1/STM32CubeIDE/plugins/com.st.stm32cube.ide.mcu.externaltools.gnu-tools-for-stm32.11.3.rel1.win32_1.1.100.202309141235/tools/bin/../lib/gcc/arm-none-eabi/11.3.1/../../../../arm-none-eabi/lib/thumb/v7e-m+fp/hard\libc_nano.a
LOAD C:/ST/STM32CubeIDE_1.12.1/STM32CubeIDE/plugins/com.st.stm32cube.ide.mcu.externaltools.gnu-tools-for-stm32.11.3.rel1.win32_1.1.100.202309141235/tools/bin/../lib/gcc/arm-none-eabi/11.3.1/../../../../arm-none-eabi/lib/thumb/v7e-m+fp/hard\libnosys.a
END GROUP
START GROUP
LOAD C:/ST/STM32CubeIDE_1.12.1/STM32CubeIDE/plugins/com.st.stm32cube.ide.mcu.externaltools.gnu-tools-for-stm32.11.3.rel1.win32_1.1.100.202309141235/tools/bin/../lib/gcc/arm-none-eabi/11.3.1/thumb/v7e-m+fp/hard\libgcc.a
LOAD C:/ST/STM32CubeIDE_1.12.1/STM32CubeIDE/plugins/com.st.stm32cube.ide.mcu.externaltools.gnu-tools-for-stm32.11.3.rel1.win32_1.1.100.202309141235/tools/bin/../lib/gcc/arm-none-eabi/11.3.1/../../../../arm-none-eabi/lib/thumb/v7e-m+fp/hard\libc_nano.a
LOAD C:/ST/STM32CubeIDE_1.12.1/STM32CubeIDE/plugins/com.st.stm32cube.ide.mcu.externaltools.gnu-tools-for-stm32.11.3.rel1.win32_1.1.100.202309141235/tools/bin/../lib/gcc/arm-none-eabi/11.3.1/../../../../arm-none-eabi/lib/thumb/v7e-m+fp/hard\libnosys.a
END GROUP
LOAD C:/ST/STM32CubeIDE_1.12.1/STM32CubeIDE/plugins/com.st.stm32cube.ide.mcu.externaltools.gnu-tools-for-stm32.11.3.rel1.win32_1.1.100.202309141235/tools/bin/../lib/gcc/arm-none-eabi/11.3.1/thumb/v7e-m+fp/hard/crtend.o
LOAD C:/ST/STM32CubeIDE_1.12.1/STM32CubeIDE/plugins/com.st.stm32cube.ide.mcu.externaltools.gnu-tools-for-stm32.11.3.rel1.win32_1.1.100.202309141235/tools/bin/../lib/gcc/arm-none-eabi/11.3.1/thumb/v7e-m+fp/hard/crtn.o
                0x0000000020050000                _estack = (ORIGIN (RAM) + LENGTH (RAM))
                0x0000000000000200                _Min_Heap_Size = 0x200
                0x0000000000000400                _Min_Stack_Size = 0x400

.isr_vector     0x0000000008000000      0x1c8
                0x0000000008000000                . = ALIGN (0x4)
 *(.isr_vector)
 .isr_vector    0x0000000008000000      0x1c8 ./Core/Startup/startup_stm32f746zgtx.o
                0x0000000008000000                g_pfnVectors
                0x00000000080001c8                . = ALIGN (0x4)

.text           0x00000000080001c8     0xe240
                0x00000000080001c8                . = ALIGN (0x4)
 *(.text)
 .text          0x00000000080001c8       0x40 C:/ST/STM32CubeIDE_1.12.1/STM32CubeIDE/plugins/com.st.stm32cube.ide.mcu.externaltools.gnu-tools-for-stm32.11.3.rel1.win32_1.1.100.202309141235/tools/bin/../lib/gcc/arm-none-eabi/11.3.1/thumb/v7e-m+fp/hard/crtbegin.o
 .text          0x0000000008000208      0x378 C:/ST/STM32CubeIDE_1.12.1/STM32CubeIDE/plugins/com.st.stm32cube.ide.mcu.externaltools.gnu-tools-for-stm32.11.3.rel1.win32_1.1.100.202309141235/tools/bin/../lib/gcc/arm-none-eabi/11.3.1/thumb/v7e-m+fp/hard\libgcc.a(_arm_addsubdf3.o)
                0x0000000008000208                __aeabi_drsub
                0x0000000008000210                __aeabi_dsub
                0x0000000008000210                __subdf3
                0x0000000008000214                __aeabi_dadd
                0x0000000008000214                __adddf3
                0x000000000800048c                __floatunsidf
                0x000000000800048c                __aeabi_ui2d
                0x00000000080004ac                __floatsidf
                0x00000000080004ac                __aeabi_i2d
                0x00000000080004d0                __aeabi_f2d
                0x00000000080004d0                __extendsfdf2
                0x0000000008000514                __floatundidf
                0x0000000008000514                __aeabi_ul2d
                0x0000000008000524                __floatdidf
                0x0000000008000524                __aeabi_l2d
 .text          0x0000000008000580      0x424 C:/ST/STM32CubeIDE_1.12.1/STM32CubeIDE/plugins/com.st.stm32cube.ide.mcu.externaltools.gnu-tools-for-stm32.11.3.rel1.win32_1.1.100.202309141235/tools/bin/../lib/gcc/arm-none-eabi/11.3.1/thumb/v7e-m+fp/hard\libgcc.a(_arm_muldivdf3.o)
                0x0000000008000580                __aeabi_dmul
                0x0000000008000580                __muldf3
                0x00000000080007d4                __divdf3
                0x00000000080007d4                __aeabi_ddiv
 .text          0x00000000080009a4       0x40 C:/ST/STM32CubeIDE_1.12.1/STM32CubeIDE/plugins/com.st.stm32cube.ide.mcu.externaltools.gnu-tools-for-stm32.11.3.rel1.win32_1.1.100.202309141235/tools/bin/../lib/gcc/arm-none-eabi/11.3.1/thumb/v7e-m+fp/hard\libgcc.a(_arm_fixunsdfsi.o)
                0x00000000080009a4                __aeabi_d2uiz
                0x00000000080009a4                __fixunsdfsi
 .text          0x00000000080009e4       0xa0 C:/ST/STM32CubeIDE_1.12.1/STM32CubeIDE/plugins/com.st.stm32cube.ide.mcu.externaltools.gnu-tools-for-stm32.11.3.rel1.win32_1.1.100.202309141235/tools/bin/../lib/gcc/arm-none-eabi/11.3.1/thumb/v7e-m+fp/hard\libgcc.a(_arm_truncdfsf2.o)
                0x00000000080009e4                __truncdfsf2
                0x00000000080009e4                __aeabi_d2f
 .text          0x0000000008000a84       0x30 C:/ST/STM32CubeIDE_1.12.1/STM32CubeIDE/plugins/com.st.stm32cube.ide.mcu.externaltools.gnu-tools-for-stm32.11.3.rel1.win32_1.1.100.202309141235/tools/bin/../lib/gcc/arm-none-eabi/11.3.1/thumb/v7e-m+fp/hard\libgcc.a(_aeabi_uldivmod.o)
                0x0000000008000a84                __aeabi_uldivmod
 .text          0x0000000008000ab4      0x2c8 C:/ST/STM32CubeIDE_1.12.1/STM32CubeIDE/plugins/com.st.stm32cube.ide.mcu.externaltools.gnu-tools-for-stm32.11.3.rel1.win32_1.1.100.202309141235/tools/bin/../lib/gcc/arm-none-eabi/11.3.1/thumb/v7e-m+fp/hard\libgcc.a(_udivmoddi4.o)
                0x0000000008000ab4                __udivmoddi4
 .text          0x0000000008000d7c        0x4 C:/ST/STM32CubeIDE_1.12.1/STM32CubeIDE/plugins/com.st.stm32cube.ide.mcu.externaltools.gnu-tools-for-stm32.11.3.rel1.win32_1.1.100.202309141235/tools/bin/../lib/gcc/arm-none-eabi/11.3.1/thumb/v7e-m+fp/hard\libgcc.a(_dvmd_tls.o)
                0x0000000008000d7c                __aeabi_idiv0
                0x0000000008000d7c                __aeabi_ldiv0
 *(.text*)
 .text.main     0x0000000008000d80      0x118 ./Core/Src/main.o
                0x0000000008000d80                main
 .text.SystemClock_Config
                0x0000000008000e98       0xdc ./Core/Src/main.o
                0x0000000008000e98                SystemClock_Config
 .text.MX_ADC1_Init
                0x0000000008000f74       0xa4 ./Core/Src/main.o
 .text.MX_DAC_Init
                0x0000000008001018       0x54 ./Core/Src/main.o
 .text.MX_I2C2_Init
                0x000000000800106c       0x80 ./Core/Src/main.o
 .text.MX_SPI3_Init
                0x00000000080010ec       0x7c ./Core/Src/main.o
 .text.MX_TIM1_Init
                0x0000000008001168      0x170 ./Core/Src/main.o
 .text.MX_TIM3_Init
                0x00000000080012d8       0x9c ./Core/Src/main.o
 .text.MX_TIM4_Init
                0x0000000008001374       0xe8 ./Core/Src/main.o
 .text.MX_DMA_Init
                0x000000000800145c       0x74 ./Core/Src/main.o
 .text.MX_GPIO_Init
                0x00000000080014d0      0x298 ./Core/Src/main.o
 .text.motor_control
                0x0000000008001768       0xf0 ./Core/Src/main.o
                0x0000000008001768                motor_control
 .text.bit14ToRad
                0x0000000008001858       0x68 ./Core/Src/main.o
                0x0000000008001858                bit14ToRad
 .text.HAL_SPI_TxRxCpltCallback
                0x00000000080018c0       0xa4 ./Core/Src/main.o
                0x00000000080018c0                HAL_SPI_TxRxCpltCallback
 .text.HAL_I2C_MemRxCpltCallback
                0x0000000008001964       0x64 ./Core/Src/main.o
                0x0000000008001964                HAL_I2C_MemRxCpltCallback
 .text.HAL_TIM_PeriodElapsedCallback
                0x00000000080019c8       0xec ./Core/Src/main.o
                0x00000000080019c8                HAL_TIM_PeriodElapsedCallback
 .text.USER_USB_TRANSMIT_3ITEM
                0x0000000008001ab4       0xa4 ./Core/Src/main.o
                0x0000000008001ab4                USER_USB_TRANSMIT_3ITEM
 .text.USER_USB_RECEIVE_1ITEM
                0x0000000008001b58       0x70 ./Core/Src/main.o
                0x0000000008001b58                USER_USB_RECEIVE_1ITEM
 .text.USER_CURRENTSensI2C_SETUP
                0x0000000008001bc8       0x4c ./Core/Src/main.o
                0x0000000008001bc8                USER_CURRENTSensI2C_SETUP
 .text.FirstOrderIIR_Init
                0x0000000008001c14       0x62 ./Core/Src/main.o
                0x0000000008001c14                FirstOrderIIR_Init
 .text.FirstOrderIIR_Update
                0x0000000008001c76       0xae ./Core/Src/main.o
                0x0000000008001c76                FirstOrderIIR_Update
 .text.Error_Handler
                0x0000000008001d24        0xa ./Core/Src/main.o
                0x0000000008001d24                Error_Handler
 *fill*         0x0000000008001d2e        0x2 
 .text.HAL_MspInit
                0x0000000008001d30       0x48 ./Core/Src/stm32f7xx_hal_msp.o
                0x0000000008001d30                HAL_MspInit
 .text.HAL_ADC_MspInit
                0x0000000008001d78       0xe4 ./Core/Src/stm32f7xx_hal_msp.o
                0x0000000008001d78                HAL_ADC_MspInit
 .text.HAL_DAC_MspInit
                0x0000000008001e5c       0x80 ./Core/Src/stm32f7xx_hal_msp.o
                0x0000000008001e5c                HAL_DAC_MspInit
 .text.HAL_I2C_MspInit
                0x0000000008001edc       0xcc ./Core/Src/stm32f7xx_hal_msp.o
                0x0000000008001edc                HAL_I2C_MspInit
 .text.HAL_SPI_MspInit
                0x0000000008001fa8      0x158 ./Core/Src/stm32f7xx_hal_msp.o
                0x0000000008001fa8                HAL_SPI_MspInit
 .text.HAL_TIM_Base_MspInit
                0x0000000008002100       0xac ./Core/Src/stm32f7xx_hal_msp.o
                0x0000000008002100                HAL_TIM_Base_MspInit
 .text.HAL_TIM_MspPostInit
                0x00000000080021ac       0x70 ./Core/Src/stm32f7xx_hal_msp.o
                0x00000000080021ac                HAL_TIM_MspPostInit
 .text.NMI_Handler
                0x000000000800221c        0x6 ./Core/Src/stm32f7xx_it.o
                0x000000000800221c                NMI_Handler
 .text.HardFault_Handler
                0x0000000008002222        0x6 ./Core/Src/stm32f7xx_it.o
                0x0000000008002222                HardFault_Handler
 .text.MemManage_Handler
                0x0000000008002228        0x6 ./Core/Src/stm32f7xx_it.o
                0x0000000008002228                MemManage_Handler
 .text.BusFault_Handler
                0x000000000800222e        0x6 ./Core/Src/stm32f7xx_it.o
                0x000000000800222e                BusFault_Handler
 .text.UsageFault_Handler
                0x0000000008002234        0x6 ./Core/Src/stm32f7xx_it.o
                0x0000000008002234                UsageFault_Handler
 .text.SVC_Handler
                0x000000000800223a        0xe ./Core/Src/stm32f7xx_it.o
                0x000000000800223a                SVC_Handler
 .text.DebugMon_Handler
                0x0000000008002248        0xe ./Core/Src/stm32f7xx_it.o
                0x0000000008002248                DebugMon_Handler
 .text.PendSV_Handler
                0x0000000008002256        0xe ./Core/Src/stm32f7xx_it.o
                0x0000000008002256                PendSV_Handler
 .text.SysTick_Handler
                0x0000000008002264        0xc ./Core/Src/stm32f7xx_it.o
                0x0000000008002264                SysTick_Handler
 .text.DMA1_Stream0_IRQHandler
                0x0000000008002270       0x14 ./Core/Src/stm32f7xx_it.o
                0x0000000008002270                DMA1_Stream0_IRQHandler
 .text.DMA1_Stream5_IRQHandler
                0x0000000008002284       0x14 ./Core/Src/stm32f7xx_it.o
                0x0000000008002284                DMA1_Stream5_IRQHandler
 .text.TIM3_IRQHandler
                0x0000000008002298       0x14 ./Core/Src/stm32f7xx_it.o
                0x0000000008002298                TIM3_IRQHandler
 .text.TIM4_IRQHandler
                0x00000000080022ac       0x14 ./Core/Src/stm32f7xx_it.o
                0x00000000080022ac                TIM4_IRQHandler
 .text.I2C2_EV_IRQHandler
                0x00000000080022c0       0x14 ./Core/Src/stm32f7xx_it.o
                0x00000000080022c0                I2C2_EV_IRQHandler
 .text.DMA2_Stream0_IRQHandler
                0x00000000080022d4       0x14 ./Core/Src/stm32f7xx_it.o
                0x00000000080022d4                DMA2_Stream0_IRQHandler
 .text.OTG_FS_IRQHandler
                0x00000000080022e8       0x14 ./Core/Src/stm32f7xx_it.o
                0x00000000080022e8                OTG_FS_IRQHandler
 .text._sbrk    0x00000000080022fc       0x6c ./Core/Src/sysmem.o
                0x00000000080022fc                _sbrk
 .text.SystemInit
                0x0000000008002368       0x24 ./Core/Src/system_stm32f7xx.o
                0x0000000008002368                SystemInit
 .text.Reset_Handler
                0x000000000800238c       0x50 ./Core/Startup/startup_stm32f746zgtx.o
                0x000000000800238c                Reset_Handler
 .text.Default_Handler
                0x00000000080023dc        0x2 ./Core/Startup/startup_stm32f746zgtx.o
                0x00000000080023dc                RTC_Alarm_IRQHandler
                0x00000000080023dc                EXTI2_IRQHandler
                0x00000000080023dc                TIM8_CC_IRQHandler
                0x00000000080023dc                UART8_IRQHandler
                0x00000000080023dc                SPI4_IRQHandler
                0x00000000080023dc                TIM1_CC_IRQHandler
                0x00000000080023dc                DMA2_Stream5_IRQHandler
                0x00000000080023dc                PVD_IRQHandler
                0x00000000080023dc                TAMP_STAMP_IRQHandler
                0x00000000080023dc                CAN2_RX1_IRQHandler
                0x00000000080023dc                EXTI3_IRQHandler
                0x00000000080023dc                TIM8_TRG_COM_TIM14_IRQHandler
                0x00000000080023dc                TIM1_UP_TIM10_IRQHandler
                0x00000000080023dc                TIM8_UP_TIM13_IRQHandler
                0x00000000080023dc                I2C3_ER_IRQHandler
                0x00000000080023dc                EXTI0_IRQHandler
                0x00000000080023dc                DMA1_Stream2_IRQHandler
                0x00000000080023dc                CAN1_RX0_IRQHandler
                0x00000000080023dc                FPU_IRQHandler
                0x00000000080023dc                OTG_HS_WKUP_IRQHandler
                0x00000000080023dc                LTDC_ER_IRQHandler
                0x00000000080023dc                CAN2_SCE_IRQHandler
                0x00000000080023dc                DMA2_Stream2_IRQHandler
                0x00000000080023dc                SPI1_IRQHandler
                0x00000000080023dc                TIM6_DAC_IRQHandler
                0x00000000080023dc                TIM1_BRK_TIM9_IRQHandler
                0x00000000080023dc                DCMI_IRQHandler
                0x00000000080023dc                CAN2_RX0_IRQHandler
                0x00000000080023dc                DMA2_Stream3_IRQHandler
                0x00000000080023dc                SAI2_IRQHandler
                0x00000000080023dc                USART6_IRQHandler
                0x00000000080023dc                USART3_IRQHandler
                0x00000000080023dc                CAN1_RX1_IRQHandler
                0x00000000080023dc                UART5_IRQHandler
                0x00000000080023dc                QUADSPI_IRQHandler
                0x00000000080023dc                I2C1_EV_IRQHandler
                0x00000000080023dc                DMA1_Stream6_IRQHandler
                0x00000000080023dc                DMA1_Stream1_IRQHandler
                0x00000000080023dc                UART4_IRQHandler
                0x00000000080023dc                RCC_IRQHandler
                0x00000000080023dc                TIM8_BRK_TIM12_IRQHandler
                0x00000000080023dc                Default_Handler
                0x00000000080023dc                CEC_IRQHandler
                0x00000000080023dc                EXTI15_10_IRQHandler
                0x00000000080023dc                ADC_IRQHandler
                0x00000000080023dc                DMA1_Stream7_IRQHandler
                0x00000000080023dc                SPI5_IRQHandler
                0x00000000080023dc                TIM7_IRQHandler
                0x00000000080023dc                SDMMC1_IRQHandler
                0x00000000080023dc                CAN2_TX_IRQHandler
                0x00000000080023dc                TIM5_IRQHandler
                0x00000000080023dc                DMA2_Stream7_IRQHandler
                0x00000000080023dc                I2C3_EV_IRQHandler
                0x00000000080023dc                EXTI9_5_IRQHandler
                0x00000000080023dc                RTC_WKUP_IRQHandler
                0x00000000080023dc                LTDC_IRQHandler
                0x00000000080023dc                ETH_WKUP_IRQHandler
                0x00000000080023dc                SPDIF_RX_IRQHandler
                0x00000000080023dc                SPI2_IRQHandler
                0x00000000080023dc                OTG_HS_EP1_IN_IRQHandler
                0x00000000080023dc                CAN1_TX_IRQHandler
                0x00000000080023dc                EXTI4_IRQHandler
                0x00000000080023dc                RNG_IRQHandler
                0x00000000080023dc                ETH_IRQHandler
                0x00000000080023dc                OTG_HS_EP1_OUT_IRQHandler
                0x00000000080023dc                WWDG_IRQHandler
                0x00000000080023dc                SPI6_IRQHandler
                0x00000000080023dc                I2C4_EV_IRQHandler
                0x00000000080023dc                TIM2_IRQHandler
                0x00000000080023dc                OTG_FS_WKUP_IRQHandler
                0x00000000080023dc                TIM1_TRG_COM_TIM11_IRQHandler
                0x00000000080023dc                OTG_HS_IRQHandler
                0x00000000080023dc                DMA2D_IRQHandler
                0x00000000080023dc                EXTI1_IRQHandler
                0x00000000080023dc                UART7_IRQHandler
                0x00000000080023dc                USART2_IRQHandler
                0x00000000080023dc                I2C2_ER_IRQHandler
                0x00000000080023dc                DMA2_Stream1_IRQHandler
                0x00000000080023dc                CAN1_SCE_IRQHandler
                0x00000000080023dc                FLASH_IRQHandler
                0x00000000080023dc                DMA2_Stream4_IRQHandler
                0x00000000080023dc                USART1_IRQHandler
                0x00000000080023dc                SPI3_IRQHandler
                0x00000000080023dc                DMA1_Stream4_IRQHandler
                0x00000000080023dc                I2C1_ER_IRQHandler
                0x00000000080023dc                FMC_IRQHandler
                0x00000000080023dc                LPTIM1_IRQHandler
                0x00000000080023dc                I2C4_ER_IRQHandler
                0x00000000080023dc                DMA2_Stream6_IRQHandler
                0x00000000080023dc                SAI1_IRQHandler
                0x00000000080023dc                DMA1_Stream3_IRQHandler
 .text.HAL_Init
                0x00000000080023de       0x1a ./Drivers/STM32F7xx_HAL_Driver/Src/stm32f7xx_hal.o
                0x00000000080023de                HAL_Init
 .text.HAL_InitTick
                0x00000000080023f8       0x60 ./Drivers/STM32F7xx_HAL_Driver/Src/stm32f7xx_hal.o
                0x00000000080023f8                HAL_InitTick
 .text.HAL_IncTick
                0x0000000008002458       0x28 ./Drivers/STM32F7xx_HAL_Driver/Src/stm32f7xx_hal.o
                0x0000000008002458                HAL_IncTick
 .text.HAL_GetTick
                0x0000000008002480       0x18 ./Drivers/STM32F7xx_HAL_Driver/Src/stm32f7xx_hal.o
                0x0000000008002480                HAL_GetTick
 .text.HAL_Delay
                0x0000000008002498       0x48 ./Drivers/STM32F7xx_HAL_Driver/Src/stm32f7xx_hal.o
                0x0000000008002498                HAL_Delay
 .text.HAL_ADC_Init
                0x00000000080024e0       0x88 ./Drivers/STM32F7xx_HAL_Driver/Src/stm32f7xx_hal_adc.o
                0x00000000080024e0                HAL_ADC_Init
 .text.HAL_ADC_ConfigChannel
                0x0000000008002568      0x2ac ./Drivers/STM32F7xx_HAL_Driver/Src/stm32f7xx_hal_adc.o
                0x0000000008002568                HAL_ADC_ConfigChannel
 .text.ADC_Init
                0x0000000008002814      0x1f4 ./Drivers/STM32F7xx_HAL_Driver/Src/stm32f7xx_hal_adc.o
 .text.__NVIC_SetPriorityGrouping
                0x0000000008002a08       0x48 ./Drivers/STM32F7xx_HAL_Driver/Src/stm32f7xx_hal_cortex.o
 .text.__NVIC_GetPriorityGrouping
                0x0000000008002a50       0x1c ./Drivers/STM32F7xx_HAL_Driver/Src/stm32f7xx_hal_cortex.o
 .text.__NVIC_EnableIRQ
                0x0000000008002a6c       0x3c ./Drivers/STM32F7xx_HAL_Driver/Src/stm32f7xx_hal_cortex.o
 .text.__NVIC_SetPriority
                0x0000000008002aa8       0x54 ./Drivers/STM32F7xx_HAL_Driver/Src/stm32f7xx_hal_cortex.o
 .text.NVIC_EncodePriority
                0x0000000008002afc       0x66 ./Drivers/STM32F7xx_HAL_Driver/Src/stm32f7xx_hal_cortex.o
 *fill*         0x0000000008002b62        0x2 
 .text.SysTick_Config
                0x0000000008002b64       0x44 ./Drivers/STM32F7xx_HAL_Driver/Src/stm32f7xx_hal_cortex.o
 .text.HAL_NVIC_SetPriorityGrouping
                0x0000000008002ba8       0x16 ./Drivers/STM32F7xx_HAL_Driver/Src/stm32f7xx_hal_cortex.o
                0x0000000008002ba8                HAL_NVIC_SetPriorityGrouping
 .text.HAL_NVIC_SetPriority
                0x0000000008002bbe       0x38 ./Drivers/STM32F7xx_HAL_Driver/Src/stm32f7xx_hal_cortex.o
                0x0000000008002bbe                HAL_NVIC_SetPriority
 .text.HAL_NVIC_EnableIRQ
                0x0000000008002bf6       0x1c ./Drivers/STM32F7xx_HAL_Driver/Src/stm32f7xx_hal_cortex.o
                0x0000000008002bf6                HAL_NVIC_EnableIRQ
 .text.HAL_SYSTICK_Config
                0x0000000008002c12       0x18 ./Drivers/STM32F7xx_HAL_Driver/Src/stm32f7xx_hal_cortex.o
                0x0000000008002c12                HAL_SYSTICK_Config
 .text.HAL_DAC_Init
                0x0000000008002c2a       0x44 ./Drivers/STM32F7xx_HAL_Driver/Src/stm32f7xx_hal_dac.o
                0x0000000008002c2a                HAL_DAC_Init
 .text.HAL_DAC_ConfigChannel
                0x0000000008002c6e       0x9e ./Drivers/STM32F7xx_HAL_Driver/Src/stm32f7xx_hal_dac.o
                0x0000000008002c6e                HAL_DAC_ConfigChannel
 .text.HAL_DMA_Init
                0x0000000008002d0c      0x15c ./Drivers/STM32F7xx_HAL_Driver/Src/stm32f7xx_hal_dma.o
                0x0000000008002d0c                HAL_DMA_Init
 .text.HAL_DMA_Start_IT
                0x0000000008002e68       0xc0 ./Drivers/STM32F7xx_HAL_Driver/Src/stm32f7xx_hal_dma.o
                0x0000000008002e68                HAL_DMA_Start_IT
 .text.HAL_DMA_Abort_IT
                0x0000000008002f28       0x44 ./Drivers/STM32F7xx_HAL_Driver/Src/stm32f7xx_hal_dma.o
                0x0000000008002f28                HAL_DMA_Abort_IT
 .text.HAL_DMA_IRQHandler
                0x0000000008002f6c      0x314 ./Drivers/STM32F7xx_HAL_Driver/Src/stm32f7xx_hal_dma.o
                0x0000000008002f6c                HAL_DMA_IRQHandler
 .text.HAL_DMA_GetState
                0x0000000008003280       0x1c ./Drivers/STM32F7xx_HAL_Driver/Src/stm32f7xx_hal_dma.o
                0x0000000008003280                HAL_DMA_GetState
 .text.DMA_SetConfig
                0x000000000800329c       0x5c ./Drivers/STM32F7xx_HAL_Driver/Src/stm32f7xx_hal_dma.o
 .text.DMA_CalcBaseAndBitshift
                0x00000000080032f8       0x6c ./Drivers/STM32F7xx_HAL_Driver/Src/stm32f7xx_hal_dma.o
 .text.DMA_CheckFifoParam
                0x0000000008003364       0xf8 ./Drivers/STM32F7xx_HAL_Driver/Src/stm32f7xx_hal_dma.o
 .text.HAL_GPIO_Init
                0x000000000800345c      0x358 ./Drivers/STM32F7xx_HAL_Driver/Src/stm32f7xx_hal_gpio.o
                0x000000000800345c                HAL_GPIO_Init
 .text.HAL_GPIO_WritePin
                0x00000000080037b4       0x32 ./Drivers/STM32F7xx_HAL_Driver/Src/stm32f7xx_hal_gpio.o
                0x00000000080037b4                HAL_GPIO_WritePin
 *fill*         0x00000000080037e6        0x2 
 .text.HAL_I2C_Init
                0x00000000080037e8      0x120 ./Drivers/STM32F7xx_HAL_Driver/Src/stm32f7xx_hal_i2c.o
                0x00000000080037e8                HAL_I2C_Init
 .text.HAL_I2C_Mem_Write
                0x0000000008003908      0x228 ./Drivers/STM32F7xx_HAL_Driver/Src/stm32f7xx_hal_i2c.o
                0x0000000008003908                HAL_I2C_Mem_Write
 .text.HAL_I2C_Mem_Read_IT
                0x0000000008003b30      0x10c ./Drivers/STM32F7xx_HAL_Driver/Src/stm32f7xx_hal_i2c.o
                0x0000000008003b30                HAL_I2C_Mem_Read_IT
 .text.HAL_I2C_EV_IRQHandler
                0x0000000008003c3c       0x34 ./Drivers/STM32F7xx_HAL_Driver/Src/stm32f7xx_hal_i2c.o
                0x0000000008003c3c                HAL_I2C_EV_IRQHandler
 .text.HAL_I2C_MasterTxCpltCallback
                0x0000000008003c70       0x14 ./Drivers/STM32F7xx_HAL_Driver/Src/stm32f7xx_hal_i2c.o
                0x0000000008003c70                HAL_I2C_MasterTxCpltCallback
 .text.HAL_I2C_MasterRxCpltCallback
                0x0000000008003c84       0x14 ./Drivers/STM32F7xx_HAL_Driver/Src/stm32f7xx_hal_i2c.o
                0x0000000008003c84                HAL_I2C_MasterRxCpltCallback
 .text.HAL_I2C_SlaveTxCpltCallback
                0x0000000008003c98       0x14 ./Drivers/STM32F7xx_HAL_Driver/Src/stm32f7xx_hal_i2c.o
                0x0000000008003c98                HAL_I2C_SlaveTxCpltCallback
 .text.HAL_I2C_SlaveRxCpltCallback
                0x0000000008003cac       0x14 ./Drivers/STM32F7xx_HAL_Driver/Src/stm32f7xx_hal_i2c.o
                0x0000000008003cac                HAL_I2C_SlaveRxCpltCallback
 .text.HAL_I2C_AddrCallback
                0x0000000008003cc0       0x1c ./Drivers/STM32F7xx_HAL_Driver/Src/stm32f7xx_hal_i2c.o
                0x0000000008003cc0                HAL_I2C_AddrCallback
 .text.HAL_I2C_ListenCpltCallback
                0x0000000008003cdc       0x14 ./Drivers/STM32F7xx_HAL_Driver/Src/stm32f7xx_hal_i2c.o
                0x0000000008003cdc                HAL_I2C_ListenCpltCallback
 .text.HAL_I2C_MemTxCpltCallback
                0x0000000008003cf0       0x14 ./Drivers/STM32F7xx_HAL_Driver/Src/stm32f7xx_hal_i2c.o
                0x0000000008003cf0                HAL_I2C_MemTxCpltCallback
 .text.HAL_I2C_ErrorCallback
                0x0000000008003d04       0x14 ./Drivers/STM32F7xx_HAL_Driver/Src/stm32f7xx_hal_i2c.o
                0x0000000008003d04                HAL_I2C_ErrorCallback
 .text.HAL_I2C_AbortCpltCallback
                0x0000000008003d18       0x14 ./Drivers/STM32F7xx_HAL_Driver/Src/stm32f7xx_hal_i2c.o
                0x0000000008003d18                HAL_I2C_AbortCpltCallback
 .text.I2C_Mem_ISR_IT
                0x0000000008003d2c      0x23c ./Drivers/STM32F7xx_HAL_Driver/Src/stm32f7xx_hal_i2c.o
 .text.I2C_Slave_ISR_IT
                0x0000000008003f68      0x1f0 ./Drivers/STM32F7xx_HAL_Driver/Src/stm32f7xx_hal_i2c.o
 .text.I2C_Master_ISR_DMA
                0x0000000008004158      0x1d6 ./Drivers/STM32F7xx_HAL_Driver/Src/stm32f7xx_hal_i2c.o
 .text.I2C_Slave_ISR_DMA
                0x000000000800432e      0x1ac ./Drivers/STM32F7xx_HAL_Driver/Src/stm32f7xx_hal_i2c.o
 *fill*         0x00000000080044da        0x2 
 .text.I2C_RequestMemoryWrite
                0x00000000080044dc       0xa8 ./Drivers/STM32F7xx_HAL_Driver/Src/stm32f7xx_hal_i2c.o
 .text.I2C_ITAddrCplt
                0x0000000008004584      0x108 ./Drivers/STM32F7xx_HAL_Driver/Src/stm32f7xx_hal_i2c.o
 .text.I2C_ITMasterSeqCplt
                0x000000000800468c       0x7a ./Drivers/STM32F7xx_HAL_Driver/Src/stm32f7xx_hal_i2c.o
 .text.I2C_ITSlaveSeqCplt
                0x0000000008004706       0xb8 ./Drivers/STM32F7xx_HAL_Driver/Src/stm32f7xx_hal_i2c.o
 *fill*         0x00000000080047be        0x2 
 .text.I2C_ITMasterCplt
                0x00000000080047c0      0x190 ./Drivers/STM32F7xx_HAL_Driver/Src/stm32f7xx_hal_i2c.o
 .text.I2C_ITSlaveCplt
                0x0000000008004950      0x20c ./Drivers/STM32F7xx_HAL_Driver/Src/stm32f7xx_hal_i2c.o
 .text.I2C_ITListenCplt
                0x0000000008004b5c       0xa8 ./Drivers/STM32F7xx_HAL_Driver/Src/stm32f7xx_hal_i2c.o
 .text.I2C_ITError
                0x0000000008004c04      0x1a0 ./Drivers/STM32F7xx_HAL_Driver/Src/stm32f7xx_hal_i2c.o
 .text.I2C_TreatErrorCallback
                0x0000000008004da4       0x4e ./Drivers/STM32F7xx_HAL_Driver/Src/stm32f7xx_hal_i2c.o
 .text.I2C_Flush_TXDR
                0x0000000008004df2       0x48 ./Drivers/STM32F7xx_HAL_Driver/Src/stm32f7xx_hal_i2c.o
 .text.I2C_DMAAbort
                0x0000000008004e3a       0x3c ./Drivers/STM32F7xx_HAL_Driver/Src/stm32f7xx_hal_i2c.o
 .text.I2C_WaitOnFlagUntilTimeout
                0x0000000008004e76       0x80 ./Drivers/STM32F7xx_HAL_Driver/Src/stm32f7xx_hal_i2c.o
 .text.I2C_WaitOnTXISFlagUntilTimeout
                0x0000000008004ef6       0x80 ./Drivers/STM32F7xx_HAL_Driver/Src/stm32f7xx_hal_i2c.o
 .text.I2C_WaitOnSTOPFlagUntilTimeout
                0x0000000008004f76       0x78 ./Drivers/STM32F7xx_HAL_Driver/Src/stm32f7xx_hal_i2c.o
 *fill*         0x0000000008004fee        0x2 
 .text.I2C_IsErrorOccurred
                0x0000000008004ff0      0x1c0 ./Drivers/STM32F7xx_HAL_Driver/Src/stm32f7xx_hal_i2c.o
 .text.I2C_TransferConfig
                0x00000000080051b0       0x64 ./Drivers/STM32F7xx_HAL_Driver/Src/stm32f7xx_hal_i2c.o
 .text.I2C_Enable_IRQ
                0x0000000008005214       0xd4 ./Drivers/STM32F7xx_HAL_Driver/Src/stm32f7xx_hal_i2c.o
 .text.I2C_Disable_IRQ
                0x00000000080052e8       0xbc ./Drivers/STM32F7xx_HAL_Driver/Src/stm32f7xx_hal_i2c.o
 .text.HAL_I2CEx_ConfigAnalogFilter
                0x00000000080053a4       0x96 ./Drivers/STM32F7xx_HAL_Driver/Src/stm32f7xx_hal_i2c_ex.o
                0x00000000080053a4                HAL_I2CEx_ConfigAnalogFilter
 .text.HAL_I2CEx_ConfigDigitalFilter
                0x000000000800543a       0x98 ./Drivers/STM32F7xx_HAL_Driver/Src/stm32f7xx_hal_i2c_ex.o
                0x000000000800543a                HAL_I2CEx_ConfigDigitalFilter
 .text.HAL_PCD_Init
                0x00000000080054d2      0x248 ./Drivers/STM32F7xx_HAL_Driver/Src/stm32f7xx_hal_pcd.o
                0x00000000080054d2                HAL_PCD_Init
 .text.HAL_PCD_Start
                0x000000000800571a       0x44 ./Drivers/STM32F7xx_HAL_Driver/Src/stm32f7xx_hal_pcd.o
                0x000000000800571a                HAL_PCD_Start
 .text.HAL_PCD_IRQHandler
                0x000000000800575e      0x998 ./Drivers/STM32F7xx_HAL_Driver/Src/stm32f7xx_hal_pcd.o
                0x000000000800575e                HAL_PCD_IRQHandler
 .text.HAL_PCD_SetAddress
                0x00000000080060f6       0x4a ./Drivers/STM32F7xx_HAL_Driver/Src/stm32f7xx_hal_pcd.o
                0x00000000080060f6                HAL_PCD_SetAddress
 .text.HAL_PCD_EP_Open
                0x0000000008006140       0xd0 ./Drivers/STM32F7xx_HAL_Driver/Src/stm32f7xx_hal_pcd.o
                0x0000000008006140                HAL_PCD_EP_Open
 .text.HAL_PCD_EP_Close
                0x0000000008006210       0x94 ./Drivers/STM32F7xx_HAL_Driver/Src/stm32f7xx_hal_pcd.o
                0x0000000008006210                HAL_PCD_EP_Close
 .text.HAL_PCD_EP_Receive
                0x00000000080062a4       0x96 ./Drivers/STM32F7xx_HAL_Driver/Src/stm32f7xx_hal_pcd.o
                0x00000000080062a4                HAL_PCD_EP_Receive
 .text.HAL_PCD_EP_GetRxCount
                0x000000000800633a       0x30 ./Drivers/STM32F7xx_HAL_Driver/Src/stm32f7xx_hal_pcd.o
                0x000000000800633a                HAL_PCD_EP_GetRxCount
 .text.HAL_PCD_EP_Transmit
                0x000000000800636a       0x94 ./Drivers/STM32F7xx_HAL_Driver/Src/stm32f7xx_hal_pcd.o
                0x000000000800636a                HAL_PCD_EP_Transmit
 .text.HAL_PCD_EP_SetStall
                0x00000000080063fe       0xc8 ./Drivers/STM32F7xx_HAL_Driver/Src/stm32f7xx_hal_pcd.o
                0x00000000080063fe                HAL_PCD_EP_SetStall
 .text.HAL_PCD_EP_ClrStall
                0x00000000080064c6       0xac ./Drivers/STM32F7xx_HAL_Driver/Src/stm32f7xx_hal_pcd.o
                0x00000000080064c6                HAL_PCD_EP_ClrStall
 .text.HAL_PCD_EP_Abort
                0x0000000008006572       0x62 ./Drivers/STM32F7xx_HAL_Driver/Src/stm32f7xx_hal_pcd.o
                0x0000000008006572                HAL_PCD_EP_Abort
 .text.PCD_WriteEmptyTxFifo
                0x00000000080065d4      0x11a ./Drivers/STM32F7xx_HAL_Driver/Src/stm32f7xx_hal_pcd.o
 *fill*         0x00000000080066ee        0x2 
 .text.PCD_EP_OutXfrComplete_int
                0x00000000080066f0      0x1d0 ./Drivers/STM32F7xx_HAL_Driver/Src/stm32f7xx_hal_pcd.o
 .text.PCD_EP_OutSetupPacket_int
                0x00000000080068c0       0x8c ./Drivers/STM32F7xx_HAL_Driver/Src/stm32f7xx_hal_pcd.o
 .text.HAL_PCDEx_SetTxFiFo
                0x000000000800694c       0x8e ./Drivers/STM32F7xx_HAL_Driver/Src/stm32f7xx_hal_pcd_ex.o
                0x000000000800694c                HAL_PCDEx_SetTxFiFo
 .text.HAL_PCDEx_SetRxFiFo
                0x00000000080069da       0x22 ./Drivers/STM32F7xx_HAL_Driver/Src/stm32f7xx_hal_pcd_ex.o
                0x00000000080069da                HAL_PCDEx_SetRxFiFo
 .text.HAL_PCDEx_ActivateLPM
                0x00000000080069fc       0x48 ./Drivers/STM32F7xx_HAL_Driver/Src/stm32f7xx_hal_pcd_ex.o
                0x00000000080069fc                HAL_PCDEx_ActivateLPM
 .text.HAL_PWR_EnableBkUpAccess
                0x0000000008006a44       0x20 ./Drivers/STM32F7xx_HAL_Driver/Src/stm32f7xx_hal_pwr.o
                0x0000000008006a44                HAL_PWR_EnableBkUpAccess
 .text.HAL_PWREx_EnableOverDrive
                0x0000000008006a64       0xa0 ./Drivers/STM32F7xx_HAL_Driver/Src/stm32f7xx_hal_pwr_ex.o
                0x0000000008006a64                HAL_PWREx_EnableOverDrive
 .text.HAL_RCC_OscConfig
                0x0000000008006b04      0x548 ./Drivers/STM32F7xx_HAL_Driver/Src/stm32f7xx_hal_rcc.o
                0x0000000008006b04                HAL_RCC_OscConfig
 .text.HAL_RCC_ClockConfig
                0x000000000800704c      0x1d8 ./Drivers/STM32F7xx_HAL_Driver/Src/stm32f7xx_hal_rcc.o
                0x000000000800704c                HAL_RCC_ClockConfig
 .text.HAL_RCC_GetSysClockFreq
                0x0000000008007224      0x20c ./Drivers/STM32F7xx_HAL_Driver/Src/stm32f7xx_hal_rcc.o
                0x0000000008007224                HAL_RCC_GetSysClockFreq
 .text.HAL_RCC_GetHCLKFreq
                0x0000000008007430       0x18 ./Drivers/STM32F7xx_HAL_Driver/Src/stm32f7xx_hal_rcc.o
                0x0000000008007430                HAL_RCC_GetHCLKFreq
 .text.HAL_RCCEx_PeriphCLKConfig
                0x0000000008007448      0x7e0 ./Drivers/STM32F7xx_HAL_Driver/Src/stm32f7xx_hal_rcc_ex.o
                0x0000000008007448                HAL_RCCEx_PeriphCLKConfig
 .text.HAL_SPI_Init
                0x0000000008007c28      0x156 ./Drivers/STM32F7xx_HAL_Driver/Src/stm32f7xx_hal_spi.o
                0x0000000008007c28                HAL_SPI_Init
 *fill*         0x0000000008007d7e        0x2 
 .text.HAL_SPI_TransmitReceive_DMA
                0x0000000008007d80      0x318 ./Drivers/STM32F7xx_HAL_Driver/Src/stm32f7xx_hal_spi.o
                0x0000000008007d80                HAL_SPI_TransmitReceive_DMA
 .text.HAL_SPI_RxCpltCallback
                0x0000000008008098       0x14 ./Drivers/STM32F7xx_HAL_Driver/Src/stm32f7xx_hal_spi.o
                0x0000000008008098                HAL_SPI_RxCpltCallback
 .text.HAL_SPI_RxHalfCpltCallback
                0x00000000080080ac       0x14 ./Drivers/STM32F7xx_HAL_Driver/Src/stm32f7xx_hal_spi.o
                0x00000000080080ac                HAL_SPI_RxHalfCpltCallback
 .text.HAL_SPI_TxRxHalfCpltCallback
                0x00000000080080c0       0x14 ./Drivers/STM32F7xx_HAL_Driver/Src/stm32f7xx_hal_spi.o
                0x00000000080080c0                HAL_SPI_TxRxHalfCpltCallback
 .text.HAL_SPI_ErrorCallback
                0x00000000080080d4       0x14 ./Drivers/STM32F7xx_HAL_Driver/Src/stm32f7xx_hal_spi.o
                0x00000000080080d4                HAL_SPI_ErrorCallback
 .text.SPI_DMAReceiveCplt
                0x00000000080080e8       0xaa ./Drivers/STM32F7xx_HAL_Driver/Src/stm32f7xx_hal_spi.o
 .text.SPI_DMATransmitReceiveCplt
                0x0000000008008192       0x92 ./Drivers/STM32F7xx_HAL_Driver/Src/stm32f7xx_hal_spi.o
 .text.SPI_DMAHalfReceiveCplt
                0x0000000008008224       0x1c ./Drivers/STM32F7xx_HAL_Driver/Src/stm32f7xx_hal_spi.o
 .text.SPI_DMAHalfTransmitReceiveCplt
                0x0000000008008240       0x1c ./Drivers/STM32F7xx_HAL_Driver/Src/stm32f7xx_hal_spi.o
 .text.SPI_DMAError
                0x000000000800825c       0x40 ./Drivers/STM32F7xx_HAL_Driver/Src/stm32f7xx_hal_spi.o
 .text.SPI_WaitFlagStateUntilTimeout
                0x000000000800829c      0x110 ./Drivers/STM32F7xx_HAL_Driver/Src/stm32f7xx_hal_spi.o
 .text.SPI_WaitFifoStateUntilTimeout
                0x00000000080083ac      0x12c ./Drivers/STM32F7xx_HAL_Driver/Src/stm32f7xx_hal_spi.o
 .text.SPI_EndRxTransaction
                0x00000000080084d8       0xf8 ./Drivers/STM32F7xx_HAL_Driver/Src/stm32f7xx_hal_spi.o
 .text.SPI_EndRxTxTransaction
                0x00000000080085d0       0xd4 ./Drivers/STM32F7xx_HAL_Driver/Src/stm32f7xx_hal_spi.o
 .text.HAL_TIM_Base_Init
                0x00000000080086a4       0xae ./Drivers/STM32F7xx_HAL_Driver/Src/stm32f7xx_hal_tim.o
                0x00000000080086a4                HAL_TIM_Base_Init
 *fill*         0x0000000008008752        0x2 
 .text.HAL_TIM_Base_Start_IT
                0x0000000008008754       0xf0 ./Drivers/STM32F7xx_HAL_Driver/Src/stm32f7xx_hal_tim.o
                0x0000000008008754                HAL_TIM_Base_Start_IT
 .text.HAL_TIM_OC_Init
                0x0000000008008844       0xae ./Drivers/STM32F7xx_HAL_Driver/Src/stm32f7xx_hal_tim.o
                0x0000000008008844                HAL_TIM_OC_Init
 .text.HAL_TIM_OC_MspInit
                0x00000000080088f2       0x14 ./Drivers/STM32F7xx_HAL_Driver/Src/stm32f7xx_hal_tim.o
                0x00000000080088f2                HAL_TIM_OC_MspInit
 .text.HAL_TIM_PWM_Init
                0x0000000008008906       0xae ./Drivers/STM32F7xx_HAL_Driver/Src/stm32f7xx_hal_tim.o
                0x0000000008008906                HAL_TIM_PWM_Init
 .text.HAL_TIM_PWM_MspInit
                0x00000000080089b4       0x14 ./Drivers/STM32F7xx_HAL_Driver/Src/stm32f7xx_hal_tim.o
                0x00000000080089b4                HAL_TIM_PWM_MspInit
 .text.HAL_TIM_PWM_Start
                0x00000000080089c8      0x1f4 ./Drivers/STM32F7xx_HAL_Driver/Src/stm32f7xx_hal_tim.o
                0x00000000080089c8                HAL_TIM_PWM_Start
 .text.HAL_TIM_IRQHandler
                0x0000000008008bbc      0x23e ./Drivers/STM32F7xx_HAL_Driver/Src/stm32f7xx_hal_tim.o
                0x0000000008008bbc                HAL_TIM_IRQHandler
 *fill*         0x0000000008008dfa        0x2 
 .text.HAL_TIM_OC_ConfigChannel
                0x0000000008008dfc       0xf4 ./Drivers/STM32F7xx_HAL_Driver/Src/stm32f7xx_hal_tim.o
                0x0000000008008dfc                HAL_TIM_OC_ConfigChannel
 .text.HAL_TIM_PWM_ConfigChannel
                0x0000000008008ef0      0x228 ./Drivers/STM32F7xx_HAL_Driver/Src/stm32f7xx_hal_tim.o
                0x0000000008008ef0                HAL_TIM_PWM_ConfigChannel
 .text.HAL_TIM_ConfigClockSource
                0x0000000008009118      0x194 ./Drivers/STM32F7xx_HAL_Driver/Src/stm32f7xx_hal_tim.o
                0x0000000008009118                HAL_TIM_ConfigClockSource
 .text.HAL_TIM_OC_DelayElapsedCallback
                0x00000000080092ac       0x14 ./Drivers/STM32F7xx_HAL_Driver/Src/stm32f7xx_hal_tim.o
                0x00000000080092ac                HAL_TIM_OC_DelayElapsedCallback
 .text.HAL_TIM_IC_CaptureCallback
                0x00000000080092c0       0x14 ./Drivers/STM32F7xx_HAL_Driver/Src/stm32f7xx_hal_tim.o
                0x00000000080092c0                HAL_TIM_IC_CaptureCallback
 .text.HAL_TIM_PWM_PulseFinishedCallback
                0x00000000080092d4       0x14 ./Drivers/STM32F7xx_HAL_Driver/Src/stm32f7xx_hal_tim.o
                0x00000000080092d4                HAL_TIM_PWM_PulseFinishedCallback
 .text.HAL_TIM_TriggerCallback
                0x00000000080092e8       0x14 ./Drivers/STM32F7xx_HAL_Driver/Src/stm32f7xx_hal_tim.o
                0x00000000080092e8                HAL_TIM_TriggerCallback
 .text.TIM_Base_SetConfig
                0x00000000080092fc      0x140 ./Drivers/STM32F7xx_HAL_Driver/Src/stm32f7xx_hal_tim.o
                0x00000000080092fc                TIM_Base_SetConfig
 .text.TIM_OC1_SetConfig
                0x000000000800943c       0xe4 ./Drivers/STM32F7xx_HAL_Driver/Src/stm32f7xx_hal_tim.o
 .text.TIM_OC2_SetConfig
                0x0000000008009520       0xf0 ./Drivers/STM32F7xx_HAL_Driver/Src/stm32f7xx_hal_tim.o
                0x0000000008009520                TIM_OC2_SetConfig
 .text.TIM_OC3_SetConfig
                0x0000000008009610       0xec ./Drivers/STM32F7xx_HAL_Driver/Src/stm32f7xx_hal_tim.o
 .text.TIM_OC4_SetConfig
                0x00000000080096fc       0xb0 ./Drivers/STM32F7xx_HAL_Driver/Src/stm32f7xx_hal_tim.o
 .text.TIM_OC5_SetConfig
                0x00000000080097ac       0xa4 ./Drivers/STM32F7xx_HAL_Driver/Src/stm32f7xx_hal_tim.o
 .text.TIM_OC6_SetConfig
                0x0000000008009850       0xa8 ./Drivers/STM32F7xx_HAL_Driver/Src/stm32f7xx_hal_tim.o
 .text.TIM_TI1_ConfigInputStage
                0x00000000080098f8       0x5e ./Drivers/STM32F7xx_HAL_Driver/Src/stm32f7xx_hal_tim.o
 .text.TIM_TI2_ConfigInputStage
                0x0000000008009956       0x60 ./Drivers/STM32F7xx_HAL_Driver/Src/stm32f7xx_hal_tim.o
 .text.TIM_ITRx_SetConfig
                0x00000000080099b6       0x36 ./Drivers/STM32F7xx_HAL_Driver/Src/stm32f7xx_hal_tim.o
 .text.TIM_ETR_SetConfig
                0x00000000080099ec       0x40 ./Drivers/STM32F7xx_HAL_Driver/Src/stm32f7xx_hal_tim.o
                0x00000000080099ec                TIM_ETR_SetConfig
 .text.TIM_CCxChannelCmd
                0x0000000008009a2c       0x4a ./Drivers/STM32F7xx_HAL_Driver/Src/stm32f7xx_hal_tim.o
                0x0000000008009a2c                TIM_CCxChannelCmd
 *fill*         0x0000000008009a76        0x2 
 .text.HAL_TIMEx_MasterConfigSynchronization
                0x0000000008009a78      0x11c ./Drivers/STM32F7xx_HAL_Driver/Src/stm32f7xx_hal_tim_ex.o
                0x0000000008009a78                HAL_TIMEx_MasterConfigSynchronization
 .text.HAL_TIMEx_ConfigBreakDeadTime
                0x0000000008009b94       0xfc ./Drivers/STM32F7xx_HAL_Driver/Src/stm32f7xx_hal_tim_ex.o
                0x0000000008009b94                HAL_TIMEx_ConfigBreakDeadTime
 .text.HAL_TIMEx_CommutCallback
                0x0000000008009c90       0x14 ./Drivers/STM32F7xx_HAL_Driver/Src/stm32f7xx_hal_tim_ex.o
                0x0000000008009c90                HAL_TIMEx_CommutCallback
 .text.HAL_TIMEx_BreakCallback
                0x0000000008009ca4       0x14 ./Drivers/STM32F7xx_HAL_Driver/Src/stm32f7xx_hal_tim_ex.o
                0x0000000008009ca4                HAL_TIMEx_BreakCallback
 .text.HAL_TIMEx_Break2Callback
                0x0000000008009cb8       0x14 ./Drivers/STM32F7xx_HAL_Driver/Src/stm32f7xx_hal_tim_ex.o
                0x0000000008009cb8                HAL_TIMEx_Break2Callback
 .text.USB_CoreInit
                0x0000000008009ccc       0xb0 ./Drivers/STM32F7xx_HAL_Driver/Src/stm32f7xx_ll_usb.o
                0x0000000008009ccc                USB_CoreInit
 .text.USB_SetTurnaroundTime
                0x0000000008009d7c      0x144 ./Drivers/STM32F7xx_HAL_Driver/Src/stm32f7xx_ll_usb.o
                0x0000000008009d7c                USB_SetTurnaroundTime
 .text.USB_EnableGlobalInt
                0x0000000008009ec0       0x22 ./Drivers/STM32F7xx_HAL_Driver/Src/stm32f7xx_ll_usb.o
                0x0000000008009ec0                USB_EnableGlobalInt
 .text.USB_DisableGlobalInt
                0x0000000008009ee2       0x22 ./Drivers/STM32F7xx_HAL_Driver/Src/stm32f7xx_ll_usb.o
                0x0000000008009ee2                USB_DisableGlobalInt
 .text.USB_SetCurrentMode
                0x0000000008009f04       0x98 ./Drivers/STM32F7xx_HAL_Driver/Src/stm32f7xx_ll_usb.o
                0x0000000008009f04                USB_SetCurrentMode
 .text.USB_DevInit
                0x0000000008009f9c      0x2bc ./Drivers/STM32F7xx_HAL_Driver/Src/stm32f7xx_ll_usb.o
                0x0000000008009f9c                USB_DevInit
 .text.USB_FlushTxFifo
                0x000000000800a258       0x68 ./Drivers/STM32F7xx_HAL_Driver/Src/stm32f7xx_ll_usb.o
                0x000000000800a258                USB_FlushTxFifo
 .text.USB_FlushRxFifo
                0x000000000800a2c0       0x60 ./Drivers/STM32F7xx_HAL_Driver/Src/stm32f7xx_ll_usb.o
                0x000000000800a2c0                USB_FlushRxFifo
 .text.USB_SetDevSpeed
                0x000000000800a320       0x32 ./Drivers/STM32F7xx_HAL_Driver/Src/stm32f7xx_ll_usb.o
                0x000000000800a320                USB_SetDevSpeed
 .text.USB_GetDevSpeed
                0x000000000800a352       0x4a ./Drivers/STM32F7xx_HAL_Driver/Src/stm32f7xx_ll_usb.o
                0x000000000800a352                USB_GetDevSpeed
 .text.USB_ActivateEndpoint
                0x000000000800a39c      0x110 ./Drivers/STM32F7xx_HAL_Driver/Src/stm32f7xx_ll_usb.o
                0x000000000800a39c                USB_ActivateEndpoint
 .text.USB_DeactivateEndpoint
                0x000000000800a4ac      0x1b8 ./Drivers/STM32F7xx_HAL_Driver/Src/stm32f7xx_ll_usb.o
                0x000000000800a4ac                USB_DeactivateEndpoint
 .text.USB_EPStartXfer
                0x000000000800a664      0x4a0 ./Drivers/STM32F7xx_HAL_Driver/Src/stm32f7xx_ll_usb.o
                0x000000000800a664                USB_EPStartXfer
 .text.USB_EP0StartXfer
                0x000000000800ab04      0x2b8 ./Drivers/STM32F7xx_HAL_Driver/Src/stm32f7xx_ll_usb.o
                0x000000000800ab04                USB_EP0StartXfer
 .text.USB_EPStopXfer
                0x000000000800adbc      0x154 ./Drivers/STM32F7xx_HAL_Driver/Src/stm32f7xx_ll_usb.o
                0x000000000800adbc                USB_EPStopXfer
 .text.USB_WritePacket
                0x000000000800af10       0x7c ./Drivers/STM32F7xx_HAL_Driver/Src/stm32f7xx_ll_usb.o
                0x000000000800af10                USB_WritePacket
 .text.USB_ReadPacket
                0x000000000800af8c       0xb0 ./Drivers/STM32F7xx_HAL_Driver/Src/stm32f7xx_ll_usb.o
                0x000000000800af8c                USB_ReadPacket
 .text.USB_EPSetStall
                0x000000000800b03c       0xdc ./Drivers/STM32F7xx_HAL_Driver/Src/stm32f7xx_ll_usb.o
                0x000000000800b03c                USB_EPSetStall
 .text.USB_EPClearStall
                0x000000000800b118       0xcc ./Drivers/STM32F7xx_HAL_Driver/Src/stm32f7xx_ll_usb.o
                0x000000000800b118                USB_EPClearStall
 .text.USB_SetDevAddress
                0x000000000800b1e4       0x4c ./Drivers/STM32F7xx_HAL_Driver/Src/stm32f7xx_ll_usb.o
                0x000000000800b1e4                USB_SetDevAddress
 .text.USB_DevConnect
                0x000000000800b230       0x42 ./Drivers/STM32F7xx_HAL_Driver/Src/stm32f7xx_ll_usb.o
                0x000000000800b230                USB_DevConnect
 .text.USB_DevDisconnect
                0x000000000800b272       0x42 ./Drivers/STM32F7xx_HAL_Driver/Src/stm32f7xx_ll_usb.o
                0x000000000800b272                USB_DevDisconnect
 .text.USB_ReadInterrupts
                0x000000000800b2b4       0x26 ./Drivers/STM32F7xx_HAL_Driver/Src/stm32f7xx_ll_usb.o
                0x000000000800b2b4                USB_ReadInterrupts
 .text.USB_ReadDevAllOutEpInterrupt
                0x000000000800b2da       0x34 ./Drivers/STM32F7xx_HAL_Driver/Src/stm32f7xx_ll_usb.o
                0x000000000800b2da                USB_ReadDevAllOutEpInterrupt
 .text.USB_ReadDevAllInEpInterrupt
                0x000000000800b30e       0x34 ./Drivers/STM32F7xx_HAL_Driver/Src/stm32f7xx_ll_usb.o
                0x000000000800b30e                USB_ReadDevAllInEpInterrupt
 .text.USB_ReadDevOutEPInterrupt
                0x000000000800b342       0x3c ./Drivers/STM32F7xx_HAL_Driver/Src/stm32f7xx_ll_usb.o
                0x000000000800b342                USB_ReadDevOutEPInterrupt
 .text.USB_ReadDevInEPInterrupt
                0x000000000800b37e       0x5c ./Drivers/STM32F7xx_HAL_Driver/Src/stm32f7xx_ll_usb.o
                0x000000000800b37e                USB_ReadDevInEPInterrupt
 .text.USB_GetMode
                0x000000000800b3da       0x1c ./Drivers/STM32F7xx_HAL_Driver/Src/stm32f7xx_ll_usb.o
                0x000000000800b3da                USB_GetMode
 *fill*         0x000000000800b3f6        0x2 
 .text.USB_ActivateSetup
                0x000000000800b3f8       0x48 ./Drivers/STM32F7xx_HAL_Driver/Src/stm32f7xx_ll_usb.o
                0x000000000800b3f8                USB_ActivateSetup
 .text.USB_EP0_OutStart
                0x000000000800b440       0xbc ./Drivers/STM32F7xx_HAL_Driver/Src/stm32f7xx_ll_usb.o
                0x000000000800b440                USB_EP0_OutStart
 .text.USB_CoreReset
                0x000000000800b4fc       0x68 ./Drivers/STM32F7xx_HAL_Driver/Src/stm32f7xx_ll_usb.o
 .text.USBD_CDC_Init
                0x000000000800b564      0x1f0 ./Middlewares/ST/STM32_USB_Device_Library/Class/CDC/Src/usbd_cdc.o
 .text.USBD_CDC_DeInit
                0x000000000800b754      0x104 ./Middlewares/ST/STM32_USB_Device_Library/Class/CDC/Src/usbd_cdc.o
 .text.USBD_CDC_Setup
                0x000000000800b858      0x1b8 ./Middlewares/ST/STM32_USB_Device_Library/Class/CDC/Src/usbd_cdc.o
 .text.USBD_CDC_DataIn
                0x000000000800ba10       0xfe ./Middlewares/ST/STM32_USB_Device_Library/Class/CDC/Src/usbd_cdc.o
 .text.USBD_CDC_DataOut
                0x000000000800bb0e       0x70 ./Middlewares/ST/STM32_USB_Device_Library/Class/CDC/Src/usbd_cdc.o
 .text.USBD_CDC_EP0_RxReady
                0x000000000800bb7e       0x76 ./Middlewares/ST/STM32_USB_Device_Library/Class/CDC/Src/usbd_cdc.o
 .text.USBD_CDC_GetFSCfgDesc
                0x000000000800bbf4       0x70 ./Middlewares/ST/STM32_USB_Device_Library/Class/CDC/Src/usbd_cdc.o
 .text.USBD_CDC_GetHSCfgDesc
                0x000000000800bc64       0x70 ./Middlewares/ST/STM32_USB_Device_Library/Class/CDC/Src/usbd_cdc.o
 .text.USBD_CDC_GetOtherSpeedCfgDesc
                0x000000000800bcd4       0x70 ./Middlewares/ST/STM32_USB_Device_Library/Class/CDC/Src/usbd_cdc.o
 .text.USBD_CDC_GetDeviceQualifierDescriptor
                0x000000000800bd44       0x20 ./Middlewares/ST/STM32_USB_Device_Library/Class/CDC/Src/usbd_cdc.o
                0x000000000800bd44                USBD_CDC_GetDeviceQualifierDescriptor
 .text.USBD_CDC_RegisterInterface
                0x000000000800bd64       0x34 ./Middlewares/ST/STM32_USB_Device_Library/Class/CDC/Src/usbd_cdc.o
                0x000000000800bd64                USBD_CDC_RegisterInterface
 .text.USBD_CDC_SetTxBuffer
                0x000000000800bd98       0x44 ./Middlewares/ST/STM32_USB_Device_Library/Class/CDC/Src/usbd_cdc.o
                0x000000000800bd98                USBD_CDC_SetTxBuffer
 .text.USBD_CDC_SetRxBuffer
                0x000000000800bddc       0x3a ./Middlewares/ST/STM32_USB_Device_Library/Class/CDC/Src/usbd_cdc.o
                0x000000000800bddc                USBD_CDC_SetRxBuffer
 *fill*         0x000000000800be16        0x2 
 .text.USBD_CDC_TransmitPacket
                0x000000000800be18       0x80 ./Middlewares/ST/STM32_USB_Device_Library/Class/CDC/Src/usbd_cdc.o
                0x000000000800be18                USBD_CDC_TransmitPacket
 .text.USBD_CDC_ReceivePacket
                0x000000000800be98       0x6c ./Middlewares/ST/STM32_USB_Device_Library/Class/CDC/Src/usbd_cdc.o
                0x000000000800be98                USBD_CDC_ReceivePacket
 .text.USBD_Init
                0x000000000800bf04       0x60 ./Middlewares/ST/STM32_USB_Device_Library/Core/Src/usbd_core.o
                0x000000000800bf04                USBD_Init
 .text.USBD_RegisterClass
                0x000000000800bf64       0x6c ./Middlewares/ST/STM32_USB_Device_Library/Core/Src/usbd_core.o
                0x000000000800bf64                USBD_RegisterClass
 .text.USBD_Start
                0x000000000800bfd0       0x18 ./Middlewares/ST/STM32_USB_Device_Library/Core/Src/usbd_core.o
                0x000000000800bfd0                USBD_Start
 .text.USBD_RunTestMode
                0x000000000800bfe8       0x16 ./Middlewares/ST/STM32_USB_Device_Library/Core/Src/usbd_core.o
                0x000000000800bfe8                USBD_RunTestMode
 .text.USBD_SetClassConfig
                0x000000000800bffe       0x38 ./Middlewares/ST/STM32_USB_Device_Library/Core/Src/usbd_core.o
                0x000000000800bffe                USBD_SetClassConfig
 .text.USBD_ClrClassConfig
                0x000000000800c036       0x34 ./Middlewares/ST/STM32_USB_Device_Library/Core/Src/usbd_core.o
                0x000000000800c036                USBD_ClrClassConfig
 .text.USBD_LL_SetupStage
                0x000000000800c06a       0xaa ./Middlewares/ST/STM32_USB_Device_Library/Core/Src/usbd_core.o
                0x000000000800c06a                USBD_LL_SetupStage
 .text.USBD_LL_DataOutStage
                0x000000000800c114      0x166 ./Middlewares/ST/STM32_USB_Device_Library/Core/Src/usbd_core.o
                0x000000000800c114                USBD_LL_DataOutStage
 .text.USBD_LL_DataInStage
                0x000000000800c27a      0x164 ./Middlewares/ST/STM32_USB_Device_Library/Core/Src/usbd_core.o
                0x000000000800c27a                USBD_LL_DataInStage
 .text.USBD_LL_Reset
                0x000000000800c3de       0xa4 ./Middlewares/ST/STM32_USB_Device_Library/Core/Src/usbd_core.o
                0x000000000800c3de                USBD_LL_Reset
 .text.USBD_LL_SetSpeed
                0x000000000800c482       0x20 ./Middlewares/ST/STM32_USB_Device_Library/Core/Src/usbd_core.o
                0x000000000800c482                USBD_LL_SetSpeed
 .text.USBD_LL_Suspend
                0x000000000800c4a2       0x2c ./Middlewares/ST/STM32_USB_Device_Library/Core/Src/usbd_core.o
                0x000000000800c4a2                USBD_LL_Suspend
 .text.USBD_LL_Resume
                0x000000000800c4ce       0x30 ./Middlewares/ST/STM32_USB_Device_Library/Core/Src/usbd_core.o
                0x000000000800c4ce                USBD_LL_Resume
 .text.USBD_LL_SOF
                0x000000000800c4fe       0x40 ./Middlewares/ST/STM32_USB_Device_Library/Core/Src/usbd_core.o
                0x000000000800c4fe                USBD_LL_SOF
 .text.USBD_LL_IsoINIncomplete
                0x000000000800c53e       0x64 ./Middlewares/ST/STM32_USB_Device_Library/Core/Src/usbd_core.o
                0x000000000800c53e                USBD_LL_IsoINIncomplete
 .text.USBD_LL_IsoOUTIncomplete
                0x000000000800c5a2       0x64 ./Middlewares/ST/STM32_USB_Device_Library/Core/Src/usbd_core.o
                0x000000000800c5a2                USBD_LL_IsoOUTIncomplete
 .text.USBD_LL_DevConnected
                0x000000000800c606       0x16 ./Middlewares/ST/STM32_USB_Device_Library/Core/Src/usbd_core.o
                0x000000000800c606                USBD_LL_DevConnected
 .text.USBD_LL_DevDisconnected
                0x000000000800c61c       0x46 ./Middlewares/ST/STM32_USB_Device_Library/Core/Src/usbd_core.o
                0x000000000800c61c                USBD_LL_DevDisconnected
 .text.USBD_CoreFindIF
                0x000000000800c662       0x1a ./Middlewares/ST/STM32_USB_Device_Library/Core/Src/usbd_core.o
                0x000000000800c662                USBD_CoreFindIF
 .text.USBD_CoreFindEP
                0x000000000800c67c       0x1a ./Middlewares/ST/STM32_USB_Device_Library/Core/Src/usbd_core.o
                0x000000000800c67c                USBD_CoreFindEP
 .text.USBD_GetEpDesc
                0x000000000800c696       0x74 ./Middlewares/ST/STM32_USB_Device_Library/Core/Src/usbd_core.o
                0x000000000800c696                USBD_GetEpDesc
 .text.USBD_GetNextDesc
                0x000000000800c70a       0x3a ./Middlewares/ST/STM32_USB_Device_Library/Core/Src/usbd_core.o
                0x000000000800c70a                USBD_GetNextDesc
 .text.SWAPBYTE
                0x000000000800c744       0x3c ./Middlewares/ST/STM32_USB_Device_Library/Core/Src/usbd_ctlreq.o
 .text.USBD_StdDevReq
                0x000000000800c780       0xe4 ./Middlewares/ST/STM32_USB_Device_Library/Core/Src/usbd_ctlreq.o
                0x000000000800c780                USBD_StdDevReq
 .text.USBD_StdItfReq
                0x000000000800c864       0xd8 ./Middlewares/ST/STM32_USB_Device_Library/Core/Src/usbd_ctlreq.o
                0x000000000800c864                USBD_StdItfReq
 .text.USBD_StdEPReq
                0x000000000800c93c      0x33a ./Middlewares/ST/STM32_USB_Device_Library/Core/Src/usbd_ctlreq.o
                0x000000000800c93c                USBD_StdEPReq
 *fill*         0x000000000800cc76        0x2 
 .text.USBD_GetDescriptor
                0x000000000800cc78      0x328 ./Middlewares/ST/STM32_USB_Device_Library/Core/Src/usbd_ctlreq.o
 .text.USBD_SetAddress
                0x000000000800cfa0       0x88 ./Middlewares/ST/STM32_USB_Device_Library/Core/Src/usbd_ctlreq.o
 .text.USBD_SetConfig
                0x000000000800d028      0x154 ./Middlewares/ST/STM32_USB_Device_Library/Core/Src/usbd_ctlreq.o
 .text.USBD_GetConfig
                0x000000000800d17c       0x6c ./Middlewares/ST/STM32_USB_Device_Library/Core/Src/usbd_ctlreq.o
 .text.USBD_GetStatus
                0x000000000800d1e8       0x68 ./Middlewares/ST/STM32_USB_Device_Library/Core/Src/usbd_ctlreq.o
 .text.USBD_SetFeature
                0x000000000800d250       0x52 ./Middlewares/ST/STM32_USB_Device_Library/Core/Src/usbd_ctlreq.o
 .text.USBD_ClrFeature
                0x000000000800d2a2       0x44 ./Middlewares/ST/STM32_USB_Device_Library/Core/Src/usbd_ctlreq.o
 .text.USBD_ParseSetupRequest
                0x000000000800d2e6       0x74 ./Middlewares/ST/STM32_USB_Device_Library/Core/Src/usbd_ctlreq.o
                0x000000000800d2e6                USBD_ParseSetupRequest
 .text.USBD_CtlError
                0x000000000800d35a       0x22 ./Middlewares/ST/STM32_USB_Device_Library/Core/Src/usbd_ctlreq.o
                0x000000000800d35a                USBD_CtlError
 .text.USBD_GetString
                0x000000000800d37c       0x8c ./Middlewares/ST/STM32_USB_Device_Library/Core/Src/usbd_ctlreq.o
                0x000000000800d37c                USBD_GetString
 .text.USBD_GetLen
                0x000000000800d408       0x34 ./Middlewares/ST/STM32_USB_Device_Library/Core/Src/usbd_ctlreq.o
 .text.USBD_CtlSendData
                0x000000000800d43c       0x36 ./Middlewares/ST/STM32_USB_Device_Library/Core/Src/usbd_ioreq.o
                0x000000000800d43c                USBD_CtlSendData
 .text.USBD_CtlContinueSendData
                0x000000000800d472       0x22 ./Middlewares/ST/STM32_USB_Device_Library/Core/Src/usbd_ioreq.o
                0x000000000800d472                USBD_CtlContinueSendData
 .text.USBD_CtlPrepareRx
                0x000000000800d494       0x3a ./Middlewares/ST/STM32_USB_Device_Library/Core/Src/usbd_ioreq.o
                0x000000000800d494                USBD_CtlPrepareRx
 .text.USBD_CtlContinueRx
                0x000000000800d4ce       0x22 ./Middlewares/ST/STM32_USB_Device_Library/Core/Src/usbd_ioreq.o
                0x000000000800d4ce                USBD_CtlContinueRx
 .text.USBD_CtlSendStatus
                0x000000000800d4f0       0x26 ./Middlewares/ST/STM32_USB_Device_Library/Core/Src/usbd_ioreq.o
                0x000000000800d4f0                USBD_CtlSendStatus
 .text.USBD_CtlReceiveStatus
                0x000000000800d516       0x26 ./Middlewares/ST/STM32_USB_Device_Library/Core/Src/usbd_ioreq.o
                0x000000000800d516                USBD_CtlReceiveStatus
 .text.MX_USB_DEVICE_Init
                0x000000000800d53c       0x60 ./USB_DEVICE/App/usb_device.o
                0x000000000800d53c                MX_USB_DEVICE_Init
 .text.CDC_Init_FS
                0x000000000800d59c       0x28 ./USB_DEVICE/App/usbd_cdc_if.o
 .text.CDC_DeInit_FS
                0x000000000800d5c4       0x10 ./USB_DEVICE/App/usbd_cdc_if.o
 .text.CDC_Control_FS
                0x000000000800d5d4      0x144 ./USB_DEVICE/App/usbd_cdc_if.o
 .text.CDC_Receive_FS
                0x000000000800d718       0x90 ./USB_DEVICE/App/usbd_cdc_if.o
 .text.CDC_Transmit_FS
                0x000000000800d7a8       0x4c ./USB_DEVICE/App/usbd_cdc_if.o
                0x000000000800d7a8                CDC_Transmit_FS
 .text.CDC_TransmitCplt_FS
                0x000000000800d7f4       0x22 ./USB_DEVICE/App/usbd_cdc_if.o
 *fill*         0x000000000800d816        0x2 
 .text.USBD_FS_DeviceDescriptor
                0x000000000800d818       0x24 ./USB_DEVICE/App/usbd_desc.o
                0x000000000800d818                USBD_FS_DeviceDescriptor
 .text.USBD_FS_LangIDStrDescriptor
                0x000000000800d83c       0x24 ./USB_DEVICE/App/usbd_desc.o
                0x000000000800d83c                USBD_FS_LangIDStrDescriptor
 .text.USBD_FS_ProductStrDescriptor
                0x000000000800d860       0x3c ./USB_DEVICE/App/usbd_desc.o
                0x000000000800d860                USBD_FS_ProductStrDescriptor
 .text.USBD_FS_ManufacturerStrDescriptor
                0x000000000800d89c       0x28 ./USB_DEVICE/App/usbd_desc.o
                0x000000000800d89c                USBD_FS_ManufacturerStrDescriptor
 .text.USBD_FS_SerialStrDescriptor
                0x000000000800d8c4       0x24 ./USB_DEVICE/App/usbd_desc.o
                0x000000000800d8c4                USBD_FS_SerialStrDescriptor
 .text.USBD_FS_ConfigStrDescriptor
                0x000000000800d8e8       0x3c ./USB_DEVICE/App/usbd_desc.o
                0x000000000800d8e8                USBD_FS_ConfigStrDescriptor
 .text.USBD_FS_InterfaceStrDescriptor
                0x000000000800d924       0x3c ./USB_DEVICE/App/usbd_desc.o
                0x000000000800d924                USBD_FS_InterfaceStrDescriptor
 .text.USBD_FS_USR_BOSDescriptor
                0x000000000800d960       0x24 ./USB_DEVICE/App/usbd_desc.o
                0x000000000800d960                USBD_FS_USR_BOSDescriptor
 .text.Get_SerialNum
                0x000000000800d984       0x58 ./USB_DEVICE/App/usbd_desc.o
 .text.IntToUnicode
                0x000000000800d9dc       0x7e ./USB_DEVICE/App/usbd_desc.o
 *fill*         0x000000000800da5a        0x2 
 .text.HAL_PCD_MspInit
                0x000000000800da5c      0x104 ./USB_DEVICE/Target/usbd_conf.o
                0x000000000800da5c                HAL_PCD_MspInit
 .text.HAL_PCD_SetupStageCallback
                0x000000000800db60       0x24 ./USB_DEVICE/Target/usbd_conf.o
                0x000000000800db60                HAL_PCD_SetupStageCallback
 .text.HAL_PCD_DataOutStageCallback
                0x000000000800db84       0x36 ./USB_DEVICE/Target/usbd_conf.o
                0x000000000800db84                HAL_PCD_DataOutStageCallback
 .text.HAL_PCD_DataInStageCallback
                0x000000000800dbba       0x34 ./USB_DEVICE/Target/usbd_conf.o
                0x000000000800dbba                HAL_PCD_DataInStageCallback
 .text.HAL_PCD_SOFCallback
                0x000000000800dbee       0x1c ./USB_DEVICE/Target/usbd_conf.o
                0x000000000800dbee                HAL_PCD_SOFCallback
 .text.HAL_PCD_ResetCallback
                0x000000000800dc0a       0x50 ./USB_DEVICE/Target/usbd_conf.o
                0x000000000800dc0a                HAL_PCD_ResetCallback
 *fill*         0x000000000800dc5a        0x2 
 .text.HAL_PCD_SuspendCallback
                0x000000000800dc5c       0x4c ./USB_DEVICE/Target/usbd_conf.o
                0x000000000800dc5c                HAL_PCD_SuspendCallback
 .text.HAL_PCD_ResumeCallback
                0x000000000800dca8       0x1c ./USB_DEVICE/Target/usbd_conf.o
                0x000000000800dca8                HAL_PCD_ResumeCallback
 .text.HAL_PCD_ISOOUTIncompleteCallback
                0x000000000800dcc4       0x24 ./USB_DEVICE/Target/usbd_conf.o
                0x000000000800dcc4                HAL_PCD_ISOOUTIncompleteCallback
 .text.HAL_PCD_ISOINIncompleteCallback
                0x000000000800dce8       0x24 ./USB_DEVICE/Target/usbd_conf.o
                0x000000000800dce8                HAL_PCD_ISOINIncompleteCallback
 .text.HAL_PCD_ConnectCallback
                0x000000000800dd0c       0x1c ./USB_DEVICE/Target/usbd_conf.o
                0x000000000800dd0c                HAL_PCD_ConnectCallback
 .text.HAL_PCD_DisconnectCallback
                0x000000000800dd28       0x1c ./USB_DEVICE/Target/usbd_conf.o
                0x000000000800dd28                HAL_PCD_DisconnectCallback
 .text.USBD_LL_Init
                0x000000000800dd44       0x98 ./USB_DEVICE/Target/usbd_conf.o
                0x000000000800dd44                USBD_LL_Init
 .text.USBD_LL_Start
                0x000000000800dddc       0x36 ./USB_DEVICE/Target/usbd_conf.o
                0x000000000800dddc                USBD_LL_Start
 .text.USBD_LL_OpenEP
                0x000000000800de12       0x4c ./USB_DEVICE/Target/usbd_conf.o
                0x000000000800de12                USBD_LL_OpenEP
 .text.USBD_LL_CloseEP
                0x000000000800de5e       0x3e ./USB_DEVICE/Target/usbd_conf.o
                0x000000000800de5e                USBD_LL_CloseEP
 .text.USBD_LL_StallEP
                0x000000000800de9c       0x3e ./USB_DEVICE/Target/usbd_conf.o
                0x000000000800de9c                USBD_LL_StallEP
 .text.USBD_LL_ClearStallEP
                0x000000000800deda       0x3e ./USB_DEVICE/Target/usbd_conf.o
                0x000000000800deda                USBD_LL_ClearStallEP
 .text.USBD_LL_IsStallEP
                0x000000000800df18       0x58 ./USB_DEVICE/Target/usbd_conf.o
                0x000000000800df18                USBD_LL_IsStallEP
 .text.USBD_LL_SetUSBAddress
                0x000000000800df70       0x3e ./USB_DEVICE/Target/usbd_conf.o
                0x000000000800df70                USBD_LL_SetUSBAddress
 .text.USBD_LL_Transmit
                0x000000000800dfae       0x42 ./USB_DEVICE/Target/usbd_conf.o
                0x000000000800dfae                USBD_LL_Transmit
 .text.USBD_LL_PrepareReceive
                0x000000000800dff0       0x42 ./USB_DEVICE/Target/usbd_conf.o
                0x000000000800dff0                USBD_LL_PrepareReceive
 .text.USBD_LL_GetRxDataSize
                0x000000000800e032       0x26 ./USB_DEVICE/Target/usbd_conf.o
                0x000000000800e032                USBD_LL_GetRxDataSize
 .text.HAL_PCDEx_LPM_Callback
                0x000000000800e058       0x9c ./USB_DEVICE/Target/usbd_conf.o
                0x000000000800e058                HAL_PCDEx_LPM_Callback
 .text.SystemClockConfig_Resume
                0x000000000800e0f4        0xc ./USB_DEVICE/Target/usbd_conf.o
 .text.USBD_Get_USB_Status
                0x000000000800e100       0x58 ./USB_DEVICE/Target/usbd_conf.o
                0x000000000800e100                USBD_Get_USB_Status
 .text.malloc   0x000000000800e158       0x10 C:/ST/STM32CubeIDE_1.12.1/STM32CubeIDE/plugins/com.st.stm32cube.ide.mcu.externaltools.gnu-tools-for-stm32.11.3.rel1.win32_1.1.100.202309141235/tools/bin/../lib/gcc/arm-none-eabi/11.3.1/../../../../arm-none-eabi/lib/thumb/v7e-m+fp/hard\libc_nano.a(libc_a-malloc.o)
                0x000000000800e158                malloc
 .text.free     0x000000000800e168       0x10 C:/ST/STM32CubeIDE_1.12.1/STM32CubeIDE/plugins/com.st.stm32cube.ide.mcu.externaltools.gnu-tools-for-stm32.11.3.rel1.win32_1.1.100.202309141235/tools/bin/../lib/gcc/arm-none-eabi/11.3.1/../../../../arm-none-eabi/lib/thumb/v7e-m+fp/hard\libc_nano.a(libc_a-malloc.o)
                0x000000000800e168                free
 .text.sbrk_aligned
                0x000000000800e178       0x40 C:/ST/STM32CubeIDE_1.12.1/STM32CubeIDE/plugins/com.st.stm32cube.ide.mcu.externaltools.gnu-tools-for-stm32.11.3.rel1.win32_1.1.100.202309141235/tools/bin/../lib/gcc/arm-none-eabi/11.3.1/../../../../arm-none-eabi/lib/thumb/v7e-m+fp/hard\libc_nano.a(libc_a-mallocr.o)
 .text._malloc_r
                0x000000000800e1b8      0x100 C:/ST/STM32CubeIDE_1.12.1/STM32CubeIDE/plugins/com.st.stm32cube.ide.mcu.externaltools.gnu-tools-for-stm32.11.3.rel1.win32_1.1.100.202309141235/tools/bin/../lib/gcc/arm-none-eabi/11.3.1/../../../../arm-none-eabi/lib/thumb/v7e-m+fp/hard\libc_nano.a(libc_a-mallocr.o)
                0x000000000800e1b8                _malloc_r
 .text.__malloc_lock
                0x000000000800e2b8        0xc C:/ST/STM32CubeIDE_1.12.1/STM32CubeIDE/plugins/com.st.stm32cube.ide.mcu.externaltools.gnu-tools-for-stm32.11.3.rel1.win32_1.1.100.202309141235/tools/bin/../lib/gcc/arm-none-eabi/11.3.1/../../../../arm-none-eabi/lib/thumb/v7e-m+fp/hard\libc_nano.a(libc_a-mlock.o)
                0x000000000800e2b8                __malloc_lock
 .text.__malloc_unlock
                0x000000000800e2c4        0xc C:/ST/STM32CubeIDE_1.12.1/STM32CubeIDE/plugins/com.st.stm32cube.ide.mcu.externaltools.gnu-tools-for-stm32.11.3.rel1.win32_1.1.100.202309141235/tools/bin/../lib/gcc/arm-none-eabi/11.3.1/../../../../arm-none-eabi/lib/thumb/v7e-m+fp/hard\libc_nano.a(libc_a-mlock.o)
                0x000000000800e2c4                __malloc_unlock
 .text.memset   0x000000000800e2d0       0x10 C:/ST/STM32CubeIDE_1.12.1/STM32CubeIDE/plugins/com.st.stm32cube.ide.mcu.externaltools.gnu-tools-for-stm32.11.3.rel1.win32_1.1.100.202309141235/tools/bin/../lib/gcc/arm-none-eabi/11.3.1/../../../../arm-none-eabi/lib/thumb/v7e-m+fp/hard\libc_nano.a(libc_a-memset.o)
                0x000000000800e2d0                memset
 .text._sbrk_r  0x000000000800e2e0       0x20 C:/ST/STM32CubeIDE_1.12.1/STM32CubeIDE/plugins/com.st.stm32cube.ide.mcu.externaltools.gnu-tools-for-stm32.11.3.rel1.win32_1.1.100.202309141235/tools/bin/../lib/gcc/arm-none-eabi/11.3.1/../../../../arm-none-eabi/lib/thumb/v7e-m+fp/hard\libc_nano.a(libc_a-sbrkr.o)
                0x000000000800e2e0                _sbrk_r
 .text.__errno  0x000000000800e300        0xc C:/ST/STM32CubeIDE_1.12.1/STM32CubeIDE/plugins/com.st.stm32cube.ide.mcu.externaltools.gnu-tools-for-stm32.11.3.rel1.win32_1.1.100.202309141235/tools/bin/../lib/gcc/arm-none-eabi/11.3.1/../../../../arm-none-eabi/lib/thumb/v7e-m+fp/hard\libc_nano.a(libc_a-errno.o)
                0x000000000800e300                __errno
 .text.__libc_init_array
                0x000000000800e30c       0x48 C:/ST/STM32CubeIDE_1.12.1/STM32CubeIDE/plugins/com.st.stm32cube.ide.mcu.externaltools.gnu-tools-for-stm32.11.3.rel1.win32_1.1.100.202309141235/tools/bin/../lib/gcc/arm-none-eabi/11.3.1/../../../../arm-none-eabi/lib/thumb/v7e-m+fp/hard\libc_nano.a(libc_a-init.o)
                0x000000000800e30c                __libc_init_array
 .text.__retarget_lock_acquire_recursive
                0x000000000800e354        0x2 C:/ST/STM32CubeIDE_1.12.1/STM32CubeIDE/plugins/com.st.stm32cube.ide.mcu.externaltools.gnu-tools-for-stm32.11.3.rel1.win32_1.1.100.202309141235/tools/bin/../lib/gcc/arm-none-eabi/11.3.1/../../../../arm-none-eabi/lib/thumb/v7e-m+fp/hard\libc_nano.a(libc_a-lock.o)
                0x000000000800e354                __retarget_lock_acquire_recursive
 .text.__retarget_lock_release_recursive
                0x000000000800e356        0x2 C:/ST/STM32CubeIDE_1.12.1/STM32CubeIDE/plugins/com.st.stm32cube.ide.mcu.externaltools.gnu-tools-for-stm32.11.3.rel1.win32_1.1.100.202309141235/tools/bin/../lib/gcc/arm-none-eabi/11.3.1/../../../../arm-none-eabi/lib/thumb/v7e-m+fp/hard\libc_nano.a(libc_a-lock.o)
                0x000000000800e356                __retarget_lock_release_recursive
 .text._free_r  0x000000000800e358       0x98 C:/ST/STM32CubeIDE_1.12.1/STM32CubeIDE/plugins/com.st.stm32cube.ide.mcu.externaltools.gnu-tools-for-stm32.11.3.rel1.win32_1.1.100.202309141235/tools/bin/../lib/gcc/arm-none-eabi/11.3.1/../../../../arm-none-eabi/lib/thumb/v7e-m+fp/hard\libc_nano.a(libc_a-freer.o)
                0x000000000800e358                _free_r
 *(.glue_7)
 .glue_7        0x000000000800e3f0        0x0 linker stubs
 *(.glue_7t)
 .glue_7t       0x000000000800e3f0        0x0 linker stubs
 *(.eh_frame)
 .eh_frame      0x000000000800e3f0        0x0 C:/ST/STM32CubeIDE_1.12.1/STM32CubeIDE/plugins/com.st.stm32cube.ide.mcu.externaltools.gnu-tools-for-stm32.11.3.rel1.win32_1.1.100.202309141235/tools/bin/../lib/gcc/arm-none-eabi/11.3.1/thumb/v7e-m+fp/hard/crtbegin.o
 *(.init)
 .init          0x000000000800e3f0        0x4 C:/ST/STM32CubeIDE_1.12.1/STM32CubeIDE/plugins/com.st.stm32cube.ide.mcu.externaltools.gnu-tools-for-stm32.11.3.rel1.win32_1.1.100.202309141235/tools/bin/../lib/gcc/arm-none-eabi/11.3.1/thumb/v7e-m+fp/hard/crti.o
                0x000000000800e3f0                _init
 .init          0x000000000800e3f4        0x8 C:/ST/STM32CubeIDE_1.12.1/STM32CubeIDE/plugins/com.st.stm32cube.ide.mcu.externaltools.gnu-tools-for-stm32.11.3.rel1.win32_1.1.100.202309141235/tools/bin/../lib/gcc/arm-none-eabi/11.3.1/thumb/v7e-m+fp/hard/crtn.o
 *(.fini)
 .fini          0x000000000800e3fc        0x4 C:/ST/STM32CubeIDE_1.12.1/STM32CubeIDE/plugins/com.st.stm32cube.ide.mcu.externaltools.gnu-tools-for-stm32.11.3.rel1.win32_1.1.100.202309141235/tools/bin/../lib/gcc/arm-none-eabi/11.3.1/thumb/v7e-m+fp/hard/crti.o
                0x000000000800e3fc                _fini
 .fini          0x000000000800e400        0x8 C:/ST/STM32CubeIDE_1.12.1/STM32CubeIDE/plugins/com.st.stm32cube.ide.mcu.externaltools.gnu-tools-for-stm32.11.3.rel1.win32_1.1.100.202309141235/tools/bin/../lib/gcc/arm-none-eabi/11.3.1/thumb/v7e-m+fp/hard/crtn.o
                0x000000000800e408                . = ALIGN (0x4)
                0x000000000800e408                _etext = .

.vfp11_veneer   0x000000000800e408        0x0
 .vfp11_veneer  0x000000000800e408        0x0 linker stubs

.v4_bx          0x000000000800e408        0x0
 .v4_bx         0x000000000800e408        0x0 linker stubs

.iplt           0x000000000800e408        0x0
 .iplt          0x000000000800e408        0x0 C:/ST/STM32CubeIDE_1.12.1/STM32CubeIDE/plugins/com.st.stm32cube.ide.mcu.externaltools.gnu-tools-for-stm32.11.3.rel1.win32_1.1.100.202309141235/tools/bin/../lib/gcc/arm-none-eabi/11.3.1/thumb/v7e-m+fp/hard/crtbegin.o

.rodata         0x000000000800e408       0x60
                0x000000000800e408                . = ALIGN (0x4)
 *(.rodata)
 .rodata        0x000000000800e408       0x46 ./USB_DEVICE/App/usbd_desc.o
 *(.rodata*)
 *fill*         0x000000000800e44e        0x2 
 .rodata.AHBPrescTable
                0x000000000800e450       0x10 ./Core/Src/system_stm32f7xx.o
                0x000000000800e450                AHBPrescTable
 .rodata.flagBitshiftOffset.0
                0x000000000800e460        0x8 ./Drivers/STM32F7xx_HAL_Driver/Src/stm32f7xx_hal_dma.o
                0x000000000800e468                . = ALIGN (0x4)

.ARM.extab      0x000000000800e468        0x0
                0x000000000800e468                . = ALIGN (0x4)
 *(.ARM.extab* .gnu.linkonce.armextab.*)
                0x000000000800e468                . = ALIGN (0x4)

.ARM            0x000000000800e468        0x8
                0x000000000800e468                . = ALIGN (0x4)
                0x000000000800e468                __exidx_start = .
 *(.ARM.exidx*)
 .ARM.exidx     0x000000000800e468        0x8 C:/ST/STM32CubeIDE_1.12.1/STM32CubeIDE/plugins/com.st.stm32cube.ide.mcu.externaltools.gnu-tools-for-stm32.11.3.rel1.win32_1.1.100.202309141235/tools/bin/../lib/gcc/arm-none-eabi/11.3.1/thumb/v7e-m+fp/hard\libgcc.a(_udivmoddi4.o)
                0x000000000800e470                __exidx_end = .
                0x000000000800e470                . = ALIGN (0x4)

.rel.dyn        0x000000000800e470        0x0
 .rel.iplt      0x000000000800e470        0x0 C:/ST/STM32CubeIDE_1.12.1/STM32CubeIDE/plugins/com.st.stm32cube.ide.mcu.externaltools.gnu-tools-for-stm32.11.3.rel1.win32_1.1.100.202309141235/tools/bin/../lib/gcc/arm-none-eabi/11.3.1/thumb/v7e-m+fp/hard/crtbegin.o

.preinit_array  0x000000000800e470        0x0
                0x000000000800e470                . = ALIGN (0x4)
                0x000000000800e470                PROVIDE (__preinit_array_start = .)
 *(.preinit_array*)
                0x000000000800e470                PROVIDE (__preinit_array_end = .)
                0x000000000800e470                . = ALIGN (0x4)

.init_array     0x000000000800e470        0x4
                0x000000000800e470                . = ALIGN (0x4)
                0x000000000800e470                PROVIDE (__init_array_start = .)
 *(SORT_BY_NAME(.init_array.*))
 *(.init_array*)
 .init_array    0x000000000800e470        0x4 C:/ST/STM32CubeIDE_1.12.1/STM32CubeIDE/plugins/com.st.stm32cube.ide.mcu.externaltools.gnu-tools-for-stm32.11.3.rel1.win32_1.1.100.202309141235/tools/bin/../lib/gcc/arm-none-eabi/11.3.1/thumb/v7e-m+fp/hard/crtbegin.o
                0x000000000800e474                PROVIDE (__init_array_end = .)
                0x000000000800e474                . = ALIGN (0x4)

.fini_array     0x000000000800e474        0x4
                0x000000000800e474                . = ALIGN (0x4)
                [!provide]                        PROVIDE (__fini_array_start = .)
 *(SORT_BY_NAME(.fini_array.*))
 *(.fini_array*)
 .fini_array    0x000000000800e474        0x4 C:/ST/STM32CubeIDE_1.12.1/STM32CubeIDE/plugins/com.st.stm32cube.ide.mcu.externaltools.gnu-tools-for-stm32.11.3.rel1.win32_1.1.100.202309141235/tools/bin/../lib/gcc/arm-none-eabi/11.3.1/thumb/v7e-m+fp/hard/crtbegin.o
                [!provide]                        PROVIDE (__fini_array_end = .)
                0x000000000800e478                . = ALIGN (0x4)
                0x000000000800e478                _sidata = LOADADDR (.data)

.data           0x0000000020000000      0x174 load address 0x000000000800e478
                0x0000000020000000                . = ALIGN (0x4)
                0x0000000020000000                _sdata = .
 *(.data)
 *(.data*)
 .data.tDataSpi
                0x0000000020000000        0x2 ./Core/Src/main.o
                0x0000000020000000                tDataSpi
 *fill*         0x0000000020000002        0x6 
 .data.Vbus     0x0000000020000008        0x8 ./Core/Src/main.o
                0x0000000020000008                Vbus
 .data.INA219_CONFIG
                0x0000000020000010        0x2 ./Core/Src/main.o
                0x0000000020000010                INA219_CONFIG
 *fill*         0x0000000020000012        0x2 
 .data.INA219_CALIB
                0x0000000020000014        0x2 ./Core/Src/main.o
                0x0000000020000014                INA219_CALIB
 *fill*         0x0000000020000016        0x2 
 .data.SystemCoreClock
                0x0000000020000018        0x4 ./Core/Src/system_stm32f7xx.o
                0x0000000020000018                SystemCoreClock
 .data.uwTickPrio
                0x000000002000001c        0x4 ./Drivers/STM32F7xx_HAL_Driver/Src/stm32f7xx_hal.o
                0x000000002000001c                uwTickPrio
 .data.uwTickFreq
                0x0000000020000020        0x1 ./Drivers/STM32F7xx_HAL_Driver/Src/stm32f7xx_hal.o
                0x0000000020000020                uwTickFreq
 *fill*         0x0000000020000021        0x3 
 .data.USBD_CDC_DeviceQualifierDesc
                0x0000000020000024        0xa ./Middlewares/ST/STM32_USB_Device_Library/Class/CDC/Src/usbd_cdc.o
 *fill*         0x000000002000002e        0x2 
 .data.USBD_CDC
                0x0000000020000030       0x38 ./Middlewares/ST/STM32_USB_Device_Library/Class/CDC/Src/usbd_cdc.o
                0x0000000020000030                USBD_CDC
 .data.USBD_CDC_CfgDesc
                0x0000000020000068       0x43 ./Middlewares/ST/STM32_USB_Device_Library/Class/CDC/Src/usbd_cdc.o
 .data.CDCInEpAdd
                0x00000000200000ab        0x1 ./Middlewares/ST/STM32_USB_Device_Library/Class/CDC/Src/usbd_cdc.o
 .data.CDCOutEpAdd
                0x00000000200000ac        0x1 ./Middlewares/ST/STM32_USB_Device_Library/Class/CDC/Src/usbd_cdc.o
 .data.CDCCmdEpAdd
                0x00000000200000ad        0x1 ./Middlewares/ST/STM32_USB_Device_Library/Class/CDC/Src/usbd_cdc.o
 *fill*         0x00000000200000ae        0x2 
 .data.USBD_Interface_fops_FS
                0x00000000200000b0       0x14 ./USB_DEVICE/App/usbd_cdc_if.o
                0x00000000200000b0                USBD_Interface_fops_FS
 .data.FS_Desc  0x00000000200000c4       0x20 ./USB_DEVICE/App/usbd_desc.o
                0x00000000200000c4                FS_Desc
 .data.USBD_FS_DeviceDesc
                0x00000000200000e4       0x12 ./USB_DEVICE/App/usbd_desc.o
                0x00000000200000e4                USBD_FS_DeviceDesc
 *fill*         0x00000000200000f6        0x2 
 .data.USBD_FS_BOSDesc
                0x00000000200000f8        0xc ./USB_DEVICE/App/usbd_desc.o
                0x00000000200000f8                USBD_FS_BOSDesc
 .data.USBD_LangIDDesc
                0x0000000020000104        0x4 ./USB_DEVICE/App/usbd_desc.o
                0x0000000020000104                USBD_LangIDDesc
 .data.USBD_StringSerial
                0x0000000020000108       0x1a ./USB_DEVICE/App/usbd_desc.o
                0x0000000020000108                USBD_StringSerial
 *fill*         0x0000000020000122        0x2 
 .data._impure_data
                0x0000000020000124       0x4c C:/ST/STM32CubeIDE_1.12.1/STM32CubeIDE/plugins/com.st.stm32cube.ide.mcu.externaltools.gnu-tools-for-stm32.11.3.rel1.win32_1.1.100.202309141235/tools/bin/../lib/gcc/arm-none-eabi/11.3.1/../../../../arm-none-eabi/lib/thumb/v7e-m+fp/hard\libc_nano.a(libc_a-impure.o)
                0x0000000020000124                _impure_data
 .data._impure_ptr
                0x0000000020000170        0x4 C:/ST/STM32CubeIDE_1.12.1/STM32CubeIDE/plugins/com.st.stm32cube.ide.mcu.externaltools.gnu-tools-for-stm32.11.3.rel1.win32_1.1.100.202309141235/tools/bin/../lib/gcc/arm-none-eabi/11.3.1/../../../../arm-none-eabi/lib/thumb/v7e-m+fp/hard\libc_nano.a(libc_a-impure.o)
                0x0000000020000170                _impure_ptr
 *(.RamFunc)
 *(.RamFunc*)
                0x0000000020000174                . = ALIGN (0x4)
                0x0000000020000174                _edata = .

.igot.plt       0x0000000020000174        0x0 load address 0x000000000800e5ec
 .igot.plt      0x0000000020000174        0x0 C:/ST/STM32CubeIDE_1.12.1/STM32CubeIDE/plugins/com.st.stm32cube.ide.mcu.externaltools.gnu-tools-for-stm32.11.3.rel1.win32_1.1.100.202309141235/tools/bin/../lib/gcc/arm-none-eabi/11.3.1/thumb/v7e-m+fp/hard/crtbegin.o
                0x0000000020000174                . = ALIGN (0x4)

.bss            0x0000000020000174     0x1ec4 load address 0x000000000800e5ec
                0x0000000020000174                _sbss = .
                0x0000000020000174                __bss_start__ = _sbss
 *(.bss)
 .bss           0x0000000020000174       0x1c C:/ST/STM32CubeIDE_1.12.1/STM32CubeIDE/plugins/com.st.stm32cube.ide.mcu.externaltools.gnu-tools-for-stm32.11.3.rel1.win32_1.1.100.202309141235/tools/bin/../lib/gcc/arm-none-eabi/11.3.1/thumb/v7e-m+fp/hard/crtbegin.o
 *(.bss*)
 .bss.hadc1     0x0000000020000190       0x48 ./Core/Src/main.o
                0x0000000020000190                hadc1
 .bss.hdma_adc1
                0x00000000200001d8       0x60 ./Core/Src/main.o
                0x00000000200001d8                hdma_adc1
 .bss.hdac      0x0000000020000238       0x14 ./Core/Src/main.o
                0x0000000020000238                hdac
 .bss.hi2c2     0x000000002000024c       0x54 ./Core/Src/main.o
                0x000000002000024c                hi2c2
 .bss.hspi3     0x00000000200002a0       0x64 ./Core/Src/main.o
                0x00000000200002a0                hspi3
 .bss.hdma_spi3_rx
                0x0000000020000304       0x60 ./Core/Src/main.o
                0x0000000020000304                hdma_spi3_rx
 .bss.hdma_spi3_tx
                0x0000000020000364       0x60 ./Core/Src/main.o
                0x0000000020000364                hdma_spi3_tx
 .bss.htim1     0x00000000200003c4       0x4c ./Core/Src/main.o
                0x00000000200003c4                htim1
 .bss.htim3     0x0000000020000410       0x4c ./Core/Src/main.o
                0x0000000020000410                htim3
 .bss.htim4     0x000000002000045c       0x4c ./Core/Src/main.o
                0x000000002000045c                htim4
 .bss.USB_TX_Buf
                0x00000000200004a8        0xe ./Core/Src/main.o
                0x00000000200004a8                USB_TX_Buf
 *fill*         0x00000000200004b6        0x2 
 .bss.desiredV  0x00000000200004b8        0x4 ./Core/Src/main.o
                0x00000000200004b8                desiredV
 .bss.hpassfilt
                0x00000000200004bc        0xc ./Core/Src/main.o
                0x00000000200004bc                hpassfilt
 .bss.speedViaFilter
                0x00000000200004c8        0x4 ./Core/Src/main.o
                0x00000000200004c8                speedViaFilter
 .bss.rDataSpi  0x00000000200004cc        0x2 ./Core/Src/main.o
                0x00000000200004cc                rDataSpi
 .bss.rDataFiltered
                0x00000000200004ce        0x2 ./Core/Src/main.o
                0x00000000200004ce                rDataFiltered
 .bss.encPosBitPrev
                0x00000000200004d0        0x2 ./Core/Src/main.o
                0x00000000200004d0                encPosBitPrev
 *fill*         0x00000000200004d2        0x2 
 .bss.motorLoopCount
                0x00000000200004d4        0x4 ./Core/Src/main.o
                0x00000000200004d4                motorLoopCount
 .bss.posRad    0x00000000200004d8        0x4 ./Core/Src/main.o
                0x00000000200004d8                posRad
 .bss.motor_pwm1
                0x00000000200004dc        0x2 ./Core/Src/main.o
                0x00000000200004dc                motor_pwm1
 .bss.motor_pwm2
                0x00000000200004de        0x2 ./Core/Src/main.o
                0x00000000200004de                motor_pwm2
 .bss.I         0x00000000200004e0        0x4 ./Core/Src/main.o
                0x00000000200004e0                I
 .bss.Current   0x00000000200004e4        0x2 ./Core/Src/main.o
                0x00000000200004e4                Current
 .bss.currentValue
                0x00000000200004e6        0x2 ./Core/Src/main.o
                0x00000000200004e6                currentValue
 .bss.__sbrk_heap_end
                0x00000000200004e8        0x4 ./Core/Src/sysmem.o
 .bss.uwTick    0x00000000200004ec        0x4 ./Drivers/STM32F7xx_HAL_Driver/Src/stm32f7xx_hal.o
                0x00000000200004ec                uwTick
 .bss.cfgidx.0  0x00000000200004f0        0x1 ./Middlewares/ST/STM32_USB_Device_Library/Core/Src/usbd_ctlreq.o
 *fill*         0x00000000200004f1        0x3 
 .bss.hUsbDeviceFS
                0x00000000200004f4      0x2dc ./USB_DEVICE/App/usb_device.o
                0x00000000200004f4                hUsbDeviceFS
 .bss.buf       0x00000000200007d0        0x7 ./USB_DEVICE/App/usbd_cdc_if.o
                0x00000000200007d0                buf
 *fill*         0x00000000200007d7        0x1 
 .bss.USB_RX_Buf
                0x00000000200007d8        0x6 ./USB_DEVICE/App/usbd_cdc_if.o
                0x00000000200007d8                USB_RX_Buf
 *fill*         0x00000000200007de        0x2 
 .bss.RX_TempBuf
                0x00000000200007e0        0x6 ./USB_DEVICE/App/usbd_cdc_if.o
                0x00000000200007e0                RX_TempBuf
 .bss.rxtempcounter
                0x00000000200007e6        0x1 ./USB_DEVICE/App/usbd_cdc_if.o
                0x00000000200007e6                rxtempcounter
 *fill*         0x00000000200007e7        0x1 
 .bss.UserRxBufferFS
                0x00000000200007e8      0x800 ./USB_DEVICE/App/usbd_cdc_if.o
                0x00000000200007e8                UserRxBufferFS
 .bss.UserTxBufferFS
                0x0000000020000fe8      0x800 ./USB_DEVICE/App/usbd_cdc_if.o
                0x0000000020000fe8                UserTxBufferFS
 .bss.USBD_StrDesc
                0x00000000200017e8      0x200 ./USB_DEVICE/App/usbd_desc.o
                0x00000000200017e8                USBD_StrDesc
 .bss.hpcd_USB_OTG_FS
                0x00000000200019e8      0x508 ./USB_DEVICE/Target/usbd_conf.o
                0x00000000200019e8                hpcd_USB_OTG_FS
 .bss.__malloc_free_list
                0x0000000020001ef0        0x4 C:/ST/STM32CubeIDE_1.12.1/STM32CubeIDE/plugins/com.st.stm32cube.ide.mcu.externaltools.gnu-tools-for-stm32.11.3.rel1.win32_1.1.100.202309141235/tools/bin/../lib/gcc/arm-none-eabi/11.3.1/../../../../arm-none-eabi/lib/thumb/v7e-m+fp/hard\libc_nano.a(libc_a-mallocr.o)
                0x0000000020001ef0                __malloc_free_list
 .bss.__malloc_sbrk_start
                0x0000000020001ef4        0x4 C:/ST/STM32CubeIDE_1.12.1/STM32CubeIDE/plugins/com.st.stm32cube.ide.mcu.externaltools.gnu-tools-for-stm32.11.3.rel1.win32_1.1.100.202309141235/tools/bin/../lib/gcc/arm-none-eabi/11.3.1/../../../../arm-none-eabi/lib/thumb/v7e-m+fp/hard\libc_nano.a(libc_a-mallocr.o)
                0x0000000020001ef4                __malloc_sbrk_start